Archive member included to satisfy reference by file (symbol)

c:/ac6/systemworkbench/plugins/fr.ac6.mcu.externaltools.arm-none.win32_1.17.0.201812190825/tools/compiler/bin/../lib/gcc/arm-none-eabi/7.3.1/../../../../arm-none-eabi/lib/thumb/v7e-m/fpv4-sp/hard\libm.a(lib_a-s_cos.o)
                              kiss_fft130/kiss_fft.o (cos)
c:/ac6/systemworkbench/plugins/fr.ac6.mcu.externaltools.arm-none.win32_1.17.0.201812190825/tools/compiler/bin/../lib/gcc/arm-none-eabi/7.3.1/../../../../arm-none-eabi/lib/thumb/v7e-m/fpv4-sp/hard\libm.a(lib_a-s_floor.o)
                              kiss_fft130/kiss_fft.o (floor)
c:/ac6/systemworkbench/plugins/fr.ac6.mcu.externaltools.arm-none.win32_1.17.0.201812190825/tools/compiler/bin/../lib/gcc/arm-none-eabi/7.3.1/../../../../arm-none-eabi/lib/thumb/v7e-m/fpv4-sp/hard\libm.a(lib_a-s_sin.o)
                              kiss_fft130/kiss_fft.o (sin)
c:/ac6/systemworkbench/plugins/fr.ac6.mcu.externaltools.arm-none.win32_1.17.0.201812190825/tools/compiler/bin/../lib/gcc/arm-none-eabi/7.3.1/../../../../arm-none-eabi/lib/thumb/v7e-m/fpv4-sp/hard\libm.a(lib_a-w_sqrt.o)
                              kiss_fft130/kiss_fft.o (sqrt)
c:/ac6/systemworkbench/plugins/fr.ac6.mcu.externaltools.arm-none.win32_1.17.0.201812190825/tools/compiler/bin/../lib/gcc/arm-none-eabi/7.3.1/../../../../arm-none-eabi/lib/thumb/v7e-m/fpv4-sp/hard\libm.a(lib_a-e_rem_pio2.o)
                              c:/ac6/systemworkbench/plugins/fr.ac6.mcu.externaltools.arm-none.win32_1.17.0.201812190825/tools/compiler/bin/../lib/gcc/arm-none-eabi/7.3.1/../../../../arm-none-eabi/lib/thumb/v7e-m/fpv4-sp/hard\libm.a(lib_a-s_cos.o) (__ieee754_rem_pio2)
c:/ac6/systemworkbench/plugins/fr.ac6.mcu.externaltools.arm-none.win32_1.17.0.201812190825/tools/compiler/bin/../lib/gcc/arm-none-eabi/7.3.1/../../../../arm-none-eabi/lib/thumb/v7e-m/fpv4-sp/hard\libm.a(lib_a-e_sqrt.o)
                              c:/ac6/systemworkbench/plugins/fr.ac6.mcu.externaltools.arm-none.win32_1.17.0.201812190825/tools/compiler/bin/../lib/gcc/arm-none-eabi/7.3.1/../../../../arm-none-eabi/lib/thumb/v7e-m/fpv4-sp/hard\libm.a(lib_a-w_sqrt.o) (__ieee754_sqrt)
c:/ac6/systemworkbench/plugins/fr.ac6.mcu.externaltools.arm-none.win32_1.17.0.201812190825/tools/compiler/bin/../lib/gcc/arm-none-eabi/7.3.1/../../../../arm-none-eabi/lib/thumb/v7e-m/fpv4-sp/hard\libm.a(lib_a-k_cos.o)
                              c:/ac6/systemworkbench/plugins/fr.ac6.mcu.externaltools.arm-none.win32_1.17.0.201812190825/tools/compiler/bin/../lib/gcc/arm-none-eabi/7.3.1/../../../../arm-none-eabi/lib/thumb/v7e-m/fpv4-sp/hard\libm.a(lib_a-s_cos.o) (__kernel_cos)
c:/ac6/systemworkbench/plugins/fr.ac6.mcu.externaltools.arm-none.win32_1.17.0.201812190825/tools/compiler/bin/../lib/gcc/arm-none-eabi/7.3.1/../../../../arm-none-eabi/lib/thumb/v7e-m/fpv4-sp/hard\libm.a(lib_a-k_rem_pio2.o)
                              c:/ac6/systemworkbench/plugins/fr.ac6.mcu.externaltools.arm-none.win32_1.17.0.201812190825/tools/compiler/bin/../lib/gcc/arm-none-eabi/7.3.1/../../../../arm-none-eabi/lib/thumb/v7e-m/fpv4-sp/hard\libm.a(lib_a-e_rem_pio2.o) (__kernel_rem_pio2)
c:/ac6/systemworkbench/plugins/fr.ac6.mcu.externaltools.arm-none.win32_1.17.0.201812190825/tools/compiler/bin/../lib/gcc/arm-none-eabi/7.3.1/../../../../arm-none-eabi/lib/thumb/v7e-m/fpv4-sp/hard\libm.a(lib_a-k_sin.o)
                              c:/ac6/systemworkbench/plugins/fr.ac6.mcu.externaltools.arm-none.win32_1.17.0.201812190825/tools/compiler/bin/../lib/gcc/arm-none-eabi/7.3.1/../../../../arm-none-eabi/lib/thumb/v7e-m/fpv4-sp/hard\libm.a(lib_a-s_cos.o) (__kernel_sin)
c:/ac6/systemworkbench/plugins/fr.ac6.mcu.externaltools.arm-none.win32_1.17.0.201812190825/tools/compiler/bin/../lib/gcc/arm-none-eabi/7.3.1/../../../../arm-none-eabi/lib/thumb/v7e-m/fpv4-sp/hard\libm.a(lib_a-s_fabs.o)
                              c:/ac6/systemworkbench/plugins/fr.ac6.mcu.externaltools.arm-none.win32_1.17.0.201812190825/tools/compiler/bin/../lib/gcc/arm-none-eabi/7.3.1/../../../../arm-none-eabi/lib/thumb/v7e-m/fpv4-sp/hard\libm.a(lib_a-e_rem_pio2.o) (fabs)
c:/ac6/systemworkbench/plugins/fr.ac6.mcu.externaltools.arm-none.win32_1.17.0.201812190825/tools/compiler/bin/../lib/gcc/arm-none-eabi/7.3.1/../../../../arm-none-eabi/lib/thumb/v7e-m/fpv4-sp/hard\libm.a(lib_a-s_lib_ver.o)
                              c:/ac6/systemworkbench/plugins/fr.ac6.mcu.externaltools.arm-none.win32_1.17.0.201812190825/tools/compiler/bin/../lib/gcc/arm-none-eabi/7.3.1/../../../../arm-none-eabi/lib/thumb/v7e-m/fpv4-sp/hard\libm.a(lib_a-w_sqrt.o) (__fdlib_version)
c:/ac6/systemworkbench/plugins/fr.ac6.mcu.externaltools.arm-none.win32_1.17.0.201812190825/tools/compiler/bin/../lib/gcc/arm-none-eabi/7.3.1/../../../../arm-none-eabi/lib/thumb/v7e-m/fpv4-sp/hard\libm.a(lib_a-s_matherr.o)
[...]
Memory Configuration

Name             Origin             Length             Attributes
RAM              0x20000000         0x00020000         xrw
ROM              0x08000000         0x00100000         xr
*default*        0x00000000         0xffffffff

Linker script and memory map

LOAD c:/ac6/systemworkbench/plugins/fr.ac6.mcu.externaltools.arm-none.win32_1.17.0.201812190825/tools/compiler/bin/../lib/gcc/arm-none-eabi/7.3.1/thumb/v7e-m/fpv4-sp/hard/crti.o
LOAD c:/ac6/systemworkbench/plugins/fr.ac6.mcu.externaltools.arm-none.win32_1.17.0.201812190825/tools/compiler/bin/../lib/gcc/arm-none-eabi/7.3.1/thumb/v7e-m/fpv4-sp/hard/crtbegin.o
LOAD c:/ac6/systemworkbench/plugins/fr.ac6.mcu.externaltools.arm-none.win32_1.17.0.201812190825/tools/compiler/bin/../lib/gcc/arm-none-eabi/7.3.1/../../../../arm-none-eabi/lib/thumb/v7e-m/fpv4-sp/hard/crt0.o
LOAD StdPeriph_Driver/src/misc.o
LOAD StdPeriph_Driver/src/stm32f4xx_adc.o
LOAD StdPeriph_Driver/src/stm32f4xx_can.o
LOAD StdPeriph_Driver/src/stm32f4xx_cec.o
LOAD StdPeriph_Driver/src/stm32f4xx_crc.o
LOAD StdPeriph_Driver/src/stm32f4xx_cryp.o
LOAD StdPeriph_Driver/src/stm32f4xx_cryp_aes.o
LOAD StdPeriph_Driver/src/stm32f4xx_cryp_des.o
LOAD StdPeriph_Driver/src/stm32f4xx_cryp_tdes.o
LOAD StdPeriph_Driver/src/stm32f4xx_dac.o
LOAD StdPeriph_Driver/src/stm32f4xx_dbgmcu.o
LOAD StdPeriph_Driver/src/stm32f4xx_dcmi.o
LOAD StdPeriph_Driver/src/stm32f4xx_dfsdm.o
LOAD StdPeriph_Driver/src/stm32f4xx_dma.o
LOAD StdPeriph_Driver/src/stm32f4xx_dma2d.o
LOAD StdPeriph_Driver/src/stm32f4xx_dsi.o
LOAD StdPeriph_Driver/src/stm32f4xx_exti.o
LOAD StdPeriph_Driver/src/stm32f4xx_flash.o
LOAD StdPeriph_Driver/src/stm32f4xx_flash_ramfunc.o
LOAD StdPeriph_Driver/src/stm32f4xx_fmc.o
LOAD StdPeriph_Driver/src/stm32f4xx_fmip2c.o
LOAD StdPeriph_Driver/src/stm32f4xx_fsmc.o
LOAD StdPeriph_Driver/src/stm32f4xx_gpio.o
LOAD StdPeriph_Driver/src/stm32f4xx_hash.o
LOAD StdPeriph_Driver/src/stm32f4xx_hash_md5.o
LOAD StdPeriph_Driver/src/stm32f4xx_hash_sha1.o
LOAD StdPeriph_Driver/src/stm32f4xx_i2c.o
LOAD StdPeriph_Driver/src/stm32f4xx_iwdg.o
LOAD StdPeriph_Driver/src/stm32f4xx_lptim.o
LOAD StdPeriph_Driver/src/stm32f4xx_ltdc.o
LOAD StdPeriph_Driver/src/stm32f4xx_pwr.o
LOAD StdPeriph_Driver/src/stm32f4xx_qspi.o
LOAD StdPeriph_Driver/src/stm32f4xx_rcc.o
LOAD StdPeriph_Driver/src/stm32f4xx_rng.o
LOAD StdPeriph_Driver/src/stm32f4xx_rtc.o
LOAD StdPeriph_Driver/src/stm32f4xx_sai.o
LOAD StdPeriph_Driver/src/stm32f4xx_sdio.o
LOAD StdPeriph_Driver/src/stm32f4xx_spdifrx.o
LOAD StdPeriph_Driver/src/stm32f4xx_spi.o
LOAD StdPeriph_Driver/src/stm32f4xx_syscfg.o
LOAD StdPeriph_Driver/src/stm32f4xx_tim.o
LOAD StdPeriph_Driver/src/stm32f4xx_usart.o
LOAD StdPeriph_Driver/src/stm32f4xx_wwdg.o
LOAD Utilities/stm32f4_discovery.o
LOAD Utilities/stm32f4_discovery_lis302dl.o
LOAD kiss_fft130/kiss_fft.o
LOAD kiss_fft130/kiss_fftr.o
LOAD src/main.o
LOAD src/syscalls.o
LOAD src/system_stm32f4xx.o
LOAD startup/startup_stm32.o
LOAD utils/debug.o
LOAD utils/fft.o
LOAD utils/led.o
LOAD utils/port.o
LOAD utils/spi.o
LOAD utils/tm_stm32f4_gpio.o
LOAD utils/tm_stm32f4_spi.o
LOAD c:/ac6/systemworkbench/plugins/fr.ac6.mcu.externaltools.arm-none.win32_1.17.0.201812190825/tools/compiler/bin/../lib/gcc/arm-none-eabi/7.3.1/../../../../arm-none-eabi/lib/thumb/v7e-m/fpv4-sp/hard\libm.a
START GROUP
LOAD c:/ac6/systemworkbench/plugins/fr.ac6.mcu.externaltools.arm-none.win32_1.17.0.201812190825/tools/compiler/bin/../lib/gcc/arm-none-eabi/7.3.1/thumb/v7e-m/fpv4-sp/hard\libgcc.a
LOAD c:/ac6/systemworkbench/plugins/fr.ac6.mcu.externaltools.arm-none.win32_1.17.0.201812190825/tools/compiler/bin/../lib/gcc/arm-none-eabi/7.3.1/../../../../arm-none-eabi/lib/thumb/v7e-m/fpv4-sp/hard\libc.a
END GROUP
LOAD c:/ac6/systemworkbench/plugins/fr.ac6.mcu.externaltools.arm-none.win32_1.17.0.201812190825/tools/compiler/bin/../lib/gcc/arm-none-eabi/7.3.1/thumb/v7e-m/fpv4-sp/hard/crtend.o
LOAD c:/ac6/systemworkbench/plugins/fr.ac6.mcu.externaltools.arm-none.win32_1.17.0.201812190825/tools/compiler/bin/../lib/gcc/arm-none-eabi/7.3.1/thumb/v7e-m/fpv4-sp/hard/crtn.o
                0x20020000                _estack = 0x20020000
                0x00000000                _Min_Heap_Size = 0x0
                0x00000400                _Min_Stack_Size = 0x400

.isr_vector     0x08000000      0x1a8
                0x08000000                . = ALIGN (0x4)
 *(.isr_vector)
 .isr_vector    0x08000000      0x1a8 startup/startup_stm32.o
                0x08000000                g_pfnVectors
                0x080001a8                . = ALIGN (0x4)

.text           0x080001b0     0x70a8
                0x080001b0                . = ALIGN (0x4)
 *(.text)
 .text          0x080001b0       0x40 c:/ac6/systemworkbench/plugins/fr.ac6.mcu.externaltools.arm-none.win32_1.17.0.201812190825/tools/compiler/bin/../lib/gcc/arm-none-eabi/7.3.1/thumb/v7e-m/fpv4-sp/hard/crtbegin.o
 .text          0x080001f0      0x378 c:/ac6/systemworkbench/plugins/fr.ac6.mcu.externaltools.arm-none.win32_1.17.0.201812190825/tools/compiler/bin/../lib/gcc/arm-none-eabi/7.3.1/thumb/v7e-m/fpv4-sp/hard\libgcc.a(_arm_addsubdf3.o)
                0x080001f0                __aeabi_drsub
                0x080001f8                __aeabi_dsub
                0x080001f8                __subdf3
                0x080001fc                __aeabi_dadd
                0x080001fc                __adddf3
                0x08000474                __floatunsidf
                0x08000474                __aeabi_ui2d
                0x08000494                __floatsidf
                0x08000494                __aeabi_i2d
                0x080004b8                __aeabi_f2d
                0x080004b8                __extendsfdf2
                0x080004fc                __floatundidf
                0x080004fc                __aeabi_ul2d
                0x0800050c                __floatdidf
                0x0800050c                __aeabi_l2d
 .text          0x08000568      0x424 c:/ac6/systemworkbench/plugins/fr.ac6.mcu.externaltools.arm-none.win32_1.17.0.201812190825/tools/compiler/bin/../lib/gcc/arm-none-eabi/7.3.1/thumb/v7e-m/fpv4-sp/hard\libgcc.a(_arm_muldivdf3.o)
                0x08000568                __aeabi_dmul
                0x08000568                __muldf3
                0x080007bc                __divdf3
                0x080007bc                __aeabi_ddiv
 .text          0x0800098c      0x110 c:/ac6/systemworkbench/plugins/fr.ac6.mcu.externaltools.arm-none.win32_1.17.0.201812190825/tools/compiler/bin/../lib/gcc/arm-none-eabi/7.3.1/thumb/v7e-m/fpv4-sp/hard\libgcc.a(_arm_cmpdf2.o)
                0x0800098c                __gtdf2
                0x0800098c                __gedf2
                0x08000994                __ltdf2
                0x08000994                __ledf2
                0x0800099c                __nedf2
                0x0800099c                __eqdf2
                0x0800099c                __cmpdf2
                0x08000a18                __aeabi_cdrcmple
                0x08000a28                __aeabi_cdcmpeq
                0x08000a28                __aeabi_cdcmple
                0x08000a38                __aeabi_dcmpeq
                0x08000a4c                __aeabi_dcmplt
                0x08000a60                __aeabi_dcmple
                0x08000a74                __aeabi_dcmpge
                0x08000a88                __aeabi_dcmpgt
 .text          0x08000a9c       0x2c c:/ac6/systemworkbench/plugins/fr.ac6.mcu.externaltools.arm-none.win32_1.17.0.201812190825/tools/compiler/bin/../lib/gcc/arm-none-eabi/7.3.1/thumb/v7e-m/fpv4-sp/hard\libgcc.a(_arm_unorddf2.o)
                0x08000a9c                __unorddf2
                0x08000a9c                __aeabi_dcmpun
 .text          0x08000ac8       0x50 c:/ac6/systemworkbench/plugins/fr.ac6.mcu.externaltools.arm-none.win32_1.17.0.201812190825/tools/compiler/bin/../lib/gcc/arm-none-eabi/7.3.1/thumb/v7e-m/fpv4-sp/hard\libgcc.a(_arm_fixdfsi.o)
                0x08000ac8                __aeabi_d2iz
                0x08000ac8                __fixdfsi
 .text          0x08000b18       0xa0 c:/ac6/systemworkbench/plugins/fr.ac6.mcu.externaltools.arm-none.win32_1.17.0.201812190825/tools/compiler/bin/../lib/gcc/arm-none-eabi/7.3.1/thumb/v7e-m/fpv4-sp/hard\libgcc.a(_arm_truncdfsf2.o)
                0x08000b18                __truncdfsf2
                0x08000b18                __aeabi_d2f
 .text          0x08000bb8      0x134 c:/ac6/systemworkbench/plugins/fr.ac6.mcu.externaltools.arm-none.win32_1.17.0.201812190825/tools/compiler/bin/../lib/gcc/arm-none-eabi/7.3.1/../../../../arm-none-eabi/lib/thumb/v7e-m/fpv4-sp/hard\libc.a(lib_a-memcpy.o)
                0x08000bb8                memcpy
 *fill*         0x08000cec        0x4 
 .text          0x08000cf0       0xa0 c:/ac6/systemworkbench/plugins/fr.ac6.mcu.externaltools.arm-none.win32_1.17.0.201812190825/tools/compiler/bin/../lib/gcc/arm-none-eabi/7.3.1/../../../../arm-none-eabi/lib/thumb/v7e-m/fpv4-sp/hard\libc.a(lib_a-memchr.o)
                0x08000cf0                memchr
 *(.text*)
 .text.NVIC_Init
                0x08000d90       0xc4 StdPeriph_Driver/src/misc.o
                0x08000d90                NVIC_Init
 .text.DMA_DeInit
                0x08000e54      0x1a8 StdPeriph_Driver/src/stm32f4xx_dma.o
                0x08000e54                DMA_DeInit
 .text.DMA_Init
                0x08000ffc       0xb0 StdPeriph_Driver/src/stm32f4xx_dma.o
                0x08000ffc                DMA_Init
 .text.DMA_StructInit
                0x080010ac       0x6e StdPeriph_Driver/src/stm32f4xx_dma.o
                0x080010ac                DMA_StructInit
 .text.DMA_Cmd  0x0800111a       0x38 StdPeriph_Driver/src/stm32f4xx_dma.o
                0x0800111a                DMA_Cmd
 .text.DMA_ITConfig
                0x08001152       0x74 StdPeriph_Driver/src/stm32f4xx_dma.o
                0x08001152                DMA_ITConfig
 *fill*         0x080011c6        0x2 
 .text.DMA_ClearITPendingBit
                0x080011c8       0x5c StdPeriph_Driver/src/stm32f4xx_dma.o
                0x080011c8                DMA_ClearITPendingBit
 .text.EXTI_DeInit
                0x08001224       0x34 StdPeriph_Driver/src/stm32f4xx_exti.o
                0x08001224                EXTI_DeInit
 .text.EXTI_Init
                0x08001258       0xe4 StdPeriph_Driver/src/stm32f4xx_exti.o
                0x08001258                EXTI_Init
 .text.EXTI_ClearFlag
                0x0800133c       0x20 StdPeriph_Driver/src/stm32f4xx_exti.o
                0x0800133c                EXTI_ClearFlag
 .text.EXTI_ClearITPendingBit
                0x0800135c       0x20 StdPeriph_Driver/src/stm32f4xx_exti.o
                0x0800135c                EXTI_ClearITPendingBit
 .text.GPIO_Init
                0x0800137c      0x11c StdPeriph_Driver/src/stm32f4xx_gpio.o
                0x0800137c                GPIO_Init
 .text.GPIO_WriteBit
                0x08001498       0x30 StdPeriph_Driver/src/stm32f4xx_gpio.o
                0x08001498                GPIO_WriteBit
 .text.RCC_AHB1PeriphClockCmd
                0x080014c8       0x40 StdPeriph_Driver/src/stm32f4xx_rcc.o
                0x080014c8                RCC_AHB1PeriphClockCmd
 .text.RCC_APB2PeriphClockCmd
                0x08001508       0x40 StdPeriph_Driver/src/stm32f4xx_rcc.o
                0x08001508                RCC_APB2PeriphClockCmd
 .text.SPI_Init
                0x08001548       0x88 StdPeriph_Driver/src/stm32f4xx_spi.o
                0x08001548                SPI_Init
 .text.SPI_StructInit
                0x080015d0       0x4a StdPeriph_Driver/src/stm32f4xx_spi.o
                0x080015d0                SPI_StructInit
 .text.SPI_Cmd  0x0800161a       0x40 StdPeriph_Driver/src/stm32f4xx_spi.o
                0x0800161a                SPI_Cmd
 .text.SPI_I2S_DMACmd
                0x0800165a       0x48 StdPeriph_Driver/src/stm32f4xx_spi.o
                0x0800165a                SPI_I2S_DMACmd
 *fill*         0x080016a2        0x2 
 .text.SYSCFG_EXTILineConfig
                0x080016a4       0x84 StdPeriph_Driver/src/stm32f4xx_syscfg.o
                0x080016a4                SYSCFG_EXTILineConfig
 .text.kf_bfly2
                0x08001728       0xee kiss_fft130/kiss_fft.o
 .text.kf_bfly4
                0x08001816      0x362 kiss_fft130/kiss_fft.o
 .text.kf_bfly3
                0x08001b78      0x2d4 kiss_fft130/kiss_fft.o
 .text.kf_bfly5
                0x08001e4c      0x614 kiss_fft130/kiss_fft.o
 .text.kf_bfly_generic
                0x08002460      0x1b2 kiss_fft130/kiss_fft.o
 *fill*         0x08002612        0x2 
 .text.kf_work  0x08002614      0x11c kiss_fft130/kiss_fft.o
 .text.kf_factor
                0x08002730       0xba kiss_fft130/kiss_fft.o
 *fill*         0x080027ea        0x6 
 .text.kiss_fft_alloc
                0x080027f0      0x110 kiss_fft130/kiss_fft.o
                0x080027f0                kiss_fft_alloc
 .text.kiss_fft_stride
                0x08002900       0xe0 kiss_fft130/kiss_fft.o
                0x08002900                kiss_fft_stride
 .text.kiss_fft
                0x080029e0       0x20 kiss_fft130/kiss_fft.o
                0x080029e0                kiss_fft
 .text.kiss_fftr_alloc
                0x08002a00      0x194 kiss_fft130/kiss_fftr.o
                0x08002a00                kiss_fftr_alloc
 .text.kiss_fftr
                0x08002b94      0x24c kiss_fft130/kiss_fftr.o
                0x08002b94                kiss_fftr
 .text.main     0x08002de0       0x8c src/main.o
                0x08002de0                main
 .text.DMA2_Stream2_IRQHandler
                0x08002e6c       0x40 src/main.o
                0x08002e6c                DMA2_Stream2_IRQHandler
 .text.EXTI0_IRQHandler
                0x08002eac       0x44 src/main.o
                0x08002eac                EXTI0_IRQHandler
 .text._kill    0x08002ef0       0x20 src/syscalls.o
                0x08002ef0                _kill
 .text._exit    0x08002f10       0x14 src/syscalls.o
                0x08002f10                _exit
 .text._read    0x08002f24       0x3a src/syscalls.o
                0x08002f24                _read
 .text._write   0x08002f5e       0x38 src/syscalls.o
                0x08002f5e                _write
 *fill*         0x08002f96        0x2 
 .text._sbrk    0x08002f98       0x58 src/syscalls.o
                0x08002f98                _sbrk
 .text._close   0x08002ff0       0x18 src/syscalls.o
                0x08002ff0                _close
 .text._fstat   0x08003008       0x20 src/syscalls.o
                0x08003008                _fstat
 .text._isatty  0x08003028       0x16 src/syscalls.o
                0x08003028                _isatty
 .text._lseek   0x0800303e       0x1a src/syscalls.o
                0x0800303e                _lseek
 .text.SystemInit
                0x08003058       0x6c src/system_stm32f4xx.o
                0x08003058                SystemInit
 .text.SetSysClock
                0x080030c4       0xf8 src/system_stm32f4xx.o
 .text.Reset_Handler
                0x080031bc       0x50 startup/startup_stm32.o
                0x080031bc                Reset_Handler
 .text.Default_Handler
                0x0800320c        0x2 startup/startup_stm32.o
                0x0800320c                RTC_Alarm_IRQHandler
                0x0800320c                HASH_RNG_IRQHandler
                0x0800320c                EXTI2_IRQHandler
                0x0800320c                TIM8_CC_IRQHandler
                0x0800320c                DebugMon_Handler
                0x0800320c                TIM1_CC_IRQHandler
                0x0800320c                DMA2_Stream5_IRQHandler
                0x0800320c                HardFault_Handler
                0x0800320c                DMA1_Stream5_IRQHandler
                0x0800320c                PVD_IRQHandler
                0x0800320c                SDIO_IRQHandler
                0x0800320c                TAMP_STAMP_IRQHandler
                0x0800320c                PendSV_Handler
                0x0800320c                NMI_Handler
                0x0800320c                CAN2_RX1_IRQHandler
                0x0800320c                EXTI3_IRQHandler
                0x0800320c                TIM8_TRG_COM_TIM14_IRQHandler
                0x0800320c                TIM1_UP_TIM10_IRQHandler
                0x0800320c                TIM8_UP_TIM13_IRQHandler
                0x0800320c                I2C3_ER_IRQHandler
                0x0800320c                LCD_TFT_IRQHandler
                0x0800320c                I2C2_EV_IRQHandler
                0x0800320c                DMA1_Stream2_IRQHandler
                0x0800320c                CAN1_RX0_IRQHandler
                0x0800320c                FPU_IRQHandler
                0x0800320c                OTG_HS_WKUP_IRQHandler
                0x0800320c                UsageFault_Handler
                0x0800320c                CAN2_SCE_IRQHandler
                0x0800320c                SPI1_IRQHandler
                0x0800320c                TIM6_DAC_IRQHandler
                0x0800320c                TIM1_BRK_TIM9_IRQHandler
                0x0800320c                DCMI_IRQHandler
                0x0800320c                CAN2_RX0_IRQHandler
                0x0800320c                DMA2_Stream3_IRQHandler
                0x0800320c                USART6_IRQHandler
                0x0800320c                USART3_IRQHandler
                0x0800320c                CRYP_IRQHandler
                0x0800320c                CAN1_RX1_IRQHandler
                0x0800320c                UART5_IRQHandler
                0x0800320c                DMA2_Stream0_IRQHandler
                0x0800320c                TIM4_IRQHandler
                0x0800320c                I2C1_EV_IRQHandler
                0x0800320c                DMA1_Stream6_IRQHandler
                0x0800320c                DMA1_Stream1_IRQHandler
                0x0800320c                UART4_IRQHandler
                0x0800320c                LCD_TFT_1_IRQHandler
                0x0800320c                TIM3_IRQHandler
                0x0800320c                RCC_IRQHandler
                0x0800320c                TIM8_BRK_TIM12_IRQHandler
                0x0800320c                Default_Handler
                0x0800320c                EXTI15_10_IRQHandler
                0x0800320c                ADC_IRQHandler
                0x0800320c                DMA1_Stream7_IRQHandler
                0x0800320c                TIM7_IRQHandler
                0x0800320c                CAN2_TX_IRQHandler
                0x0800320c                TIM5_IRQHandler
                0x0800320c                DMA2_Stream7_IRQHandler
                0x0800320c                I2C3_EV_IRQHandler
                0x0800320c                EXTI9_5_IRQHandler
                0x0800320c                RTC_WKUP_IRQHandler
                0x0800320c                ETH_WKUP_IRQHandler
                0x0800320c                SPI2_IRQHandler
                0x0800320c                OTG_HS_EP1_IN_IRQHandler
                0x0800320c                MemManage_Handler
                0x0800320c                DMA1_Stream0_IRQHandler
                0x0800320c                CAN1_TX_IRQHandler
                0x0800320c                SVC_Handler
                0x0800320c                EXTI4_IRQHandler
                0x0800320c                FSMC_IRQHandler
                0x0800320c                ETH_IRQHandler
                0x0800320c                OTG_HS_EP1_OUT_IRQHandler
                0x0800320c                WWDG_IRQHandler
                0x0800320c                TIM2_IRQHandler
                0x0800320c                OTG_FS_WKUP_IRQHandler
                0x0800320c                TIM1_TRG_COM_TIM11_IRQHandler
                0x0800320c                OTG_HS_IRQHandler
                0x0800320c                EXTI1_IRQHandler
                0x0800320c                USART2_IRQHandler
                0x0800320c                I2C2_ER_IRQHandler
                0x0800320c                DMA2_Stream1_IRQHandler
                0x0800320c                CAN1_SCE_IRQHandler
                0x0800320c                DMA2_Stream4_IRQHandler
                0x0800320c                BusFault_Handler
                0x0800320c                USART1_IRQHandler
                0x0800320c                OTG_FS_IRQHandler
                0x0800320c                SPI3_IRQHandler
                0x0800320c                DMA1_Stream4_IRQHandler
                0x0800320c                I2C1_ER_IRQHandler
                0x0800320c                DMA2_Stream6_IRQHandler
                0x0800320c                DMA1_Stream3_IRQHandler
 *fill*         0x0800320e        0x2 
 .text.init_fft
                0x08003210       0xf4 utils/fft.o
                0x08003210                init_fft
 .text.burst_to_buffer
                0x08003304      0x1a8 utils/fft.o
                0x08003304                burst_to_buffer
 .text.sinc4_decoder
                0x080034ac       0x4a utils/fft.o
                0x080034ac                sinc4_decoder
 *fill*         0x080034f6        0x2 
 .text.calc_fft
                0x080034f8      0x128 utils/fft.o
                0x080034f8                calc_fft
 .text.led_init
                0x08003620       0x34 utils/led.o
                0x08003620                led_init
 .text.led_write
                0x08003654       0x28 utils/led.o
                0x08003654                led_write
 .text.SysTick_Handler
                0x0800367c       0x1c utils/port.o
                0x0800367c                SysTick_Handler
 .text.spi_init
                0x08003698       0xac utils/spi.o
                0x08003698                spi_init
 .text.chip_select_init
                0x08003744       0x90 utils/spi.o
                0x08003744                chip_select_init
 .text.chip_select
                0x080037d4       0x20 utils/spi.o
                0x080037d4                chip_select
 .text.chip_deselect
                0x080037f4       0x20 utils/spi.o
                0x080037f4                chip_deselect
 .text.gpio_init
                0x08003814       0xc4 utils/spi.o
                0x08003814                gpio_init
 .text.gpio_int_init
                0x080038d8      0x126 utils/spi.o
                0x080038d8                gpio_int_init
 *fill*         0x080039fe        0x2 
 .text.dma_init
                0x08003a00      0x120 utils/spi.o
                0x08003a00                dma_init
 .text.configuracao_default
                0x08003b20      0x408 utils/spi.o
                0x08003b20                configuracao_default
 .text.set_registrador
                0x08003f28       0xc4 utils/spi.o
                0x08003f28                set_registrador
 .text.get_registrador
                0x08003fec       0xcc utils/spi.o
                0x08003fec                get_registrador
 .text.irq0_gpio_init
                0x080040b8       0x44 utils/spi.o
                0x080040b8                irq0_gpio_init
 .text.irq0_init
                0x080040fc       0x4c utils/spi.o
                0x080040fc                irq0_init
 .text.clear_interrupt
                0x08004148       0x18 utils/spi.o
                0x08004148                clear_interrupt
 .text.get_last_page
                0x08004160       0x30 utils/spi.o
                0x08004160                get_last_page
 .text.cos      0x08004190       0xc0 c:/ac6/systemworkbench/plugins/fr.ac6.mcu.externaltools.arm-none.win32_1.17.0.201812190825/tools/compiler/bin/../lib/gcc/arm-none-eabi/7.3.1/../../../../arm-none-eabi/lib/thumb/v7e-m/fpv4-sp/hard\libm.a(lib_a-s_cos.o)
                0x08004190                cos
 .text.floor    0x08004250      0x110 c:/ac6/systemworkbench/plugins/fr.ac6.mcu.externaltools.arm-none.win32_1.17.0.201812190825/tools/compiler/bin/../lib/gcc/arm-none-eabi/7.3.1/../../../../arm-none-eabi/lib/thumb/v7e-m/fpv4-sp/hard\libm.a(lib_a-s_floor.o)
                0x08004250                floor
 .text.sin      0x08004360       0xc0 c:/ac6/systemworkbench/plugins/fr.ac6.mcu.externaltools.arm-none.win32_1.17.0.201812190825/tools/compiler/bin/../lib/gcc/arm-none-eabi/7.3.1/../../../../arm-none-eabi/lib/thumb/v7e-m/fpv4-sp/hard\libm.a(lib_a-s_sin.o)
                0x08004360                sin
 .text.sqrt     0x08004420       0xb8 c:/ac6/systemworkbench/plugins/fr.ac6.mcu.externaltools.arm-none.win32_1.17.0.201812190825/tools/compiler/bin/../lib/gcc/arm-none-eabi/7.3.1/../../../../arm-none-eabi/lib/thumb/v7e-m/fpv4-sp/hard\libm.a(lib_a-w_sqrt.o)
                0x08004420                sqrt
 .text.__ieee754_rem_pio2
                0x080044d8      0x454 c:/ac6/systemworkbench/plugins/fr.ac6.mcu.externaltools.arm-none.win32_1.17.0.201812190825/tools/compiler/bin/../lib/gcc/arm-none-eabi/7.3.1/../../../../arm-none-eabi/lib/thumb/v7e-m/fpv4-sp/hard\libm.a(lib_a-e_rem_pio2.o)
                0x080044d8                __ieee754_rem_pio2
 .text.__ieee754_sqrt
                0x0800492c      0x194 c:/ac6/systemworkbench/plugins/fr.ac6.mcu.externaltools.arm-none.win32_1.17.0.201812190825/tools/compiler/bin/../lib/gcc/arm-none-eabi/7.3.1/../../../../arm-none-eabi/lib/thumb/v7e-m/fpv4-sp/hard\libm.a(lib_a-e_sqrt.o)
                0x0800492c                __ieee754_sqrt
 .text.__kernel_cos
                0x08004ac0      0x284 c:/ac6/systemworkbench/plugins/fr.ac6.mcu.externaltools.arm-none.win32_1.17.0.201812190825/tools/compiler/bin/../lib/gcc/arm-none-eabi/7.3.1/../../../../arm-none-eabi/lib/thumb/v7e-m/fpv4-sp/hard\libm.a(lib_a-k_cos.o)
                0x08004ac0                __kernel_cos
 *fill*         0x08004d44        0x4 
 .text.__kernel_rem_pio2
                0x08004d48      0x818 c:/ac6/systemworkbench/plugins/fr.ac6.mcu.externaltools.arm-none.win32_1.17.0.201812190825/tools/compiler/bin/../lib/gcc/arm-none-eabi/7.3.1/../../../../arm-none-eabi/lib/thumb/v7e-m/fpv4-sp/hard\libm.a(lib_a-k_rem_pio2.o)
                0x08004d48                __kernel_rem_pio2
 .text.__kernel_sin
                0x08005560      0x194 c:/ac6/systemworkbench/plugins/fr.ac6.mcu.externaltools.arm-none.win32_1.17.0.201812190825/tools/compiler/bin/../lib/gcc/arm-none-eabi/7.3.1/../../../../arm-none-eabi/lib/thumb/v7e-m/fpv4-sp/hard\libm.a(lib_a-k_sin.o)
                0x08005560                __kernel_sin
 .text.fabs     0x080056f4       0x14 c:/ac6/systemworkbench/plugins/fr.ac6.mcu.externaltools.arm-none.win32_1.17.0.201812190825/tools/compiler/bin/../lib/gcc/arm-none-eabi/7.3.1/../../../../arm-none-eabi/lib/thumb/v7e-m/fpv4-sp/hard\libm.a(lib_a-s_fabs.o)
                0x080056f4                fabs
 .text.matherr  0x08005708        0x4 c:/ac6/systemworkbench/plugins/fr.ac6.mcu.externaltools.arm-none.win32_1.17.0.201812190825/tools/compiler/bin/../lib/gcc/arm-none-eabi/7.3.1/../../../../arm-none-eabi/lib/thumb/v7e-m/fpv4-sp/hard\libm.a(lib_a-s_matherr.o)
                0x08005708                matherr
 *fill*         0x0800570c        0x4 
 .text.scalbn   0x08005710      0x114 c:/ac6/systemworkbench/plugins/fr.ac6.mcu.externaltools.arm-none.win32_1.17.0.201812190825/tools/compiler/bin/../lib/gcc/arm-none-eabi/7.3.1/../../../../arm-none-eabi/lib/thumb/v7e-m/fpv4-sp/hard\libm.a(lib_a-s_scalbn.o)
                0x08005710                scalbn
 .text.copysign
                0x08005824       0x1c c:/ac6/systemworkbench/plugins/fr.ac6.mcu.externaltools.arm-none.win32_1.17.0.201812190825/tools/compiler/bin/../lib/gcc/arm-none-eabi/7.3.1/../../../../arm-none-eabi/lib/thumb/v7e-m/fpv4-sp/hard\libm.a(lib_a-s_copysign.o)
                0x08005824                copysign
 .text.__errno  0x08005840        0xc c:/ac6/systemworkbench/plugins/fr.ac6.mcu.externaltools.arm-none.win32_1.17.0.201812190825/tools/compiler/bin/../lib/gcc/arm-none-eabi/7.3.1/../../../../arm-none-eabi/lib/thumb/v7e-m/fpv4-sp/hard\libc.a(lib_a-errno.o)
                0x08005840                __errno
 .text.exit     0x0800584c       0x20 c:/ac6/systemworkbench/plugins/fr.ac6.mcu.externaltools.arm-none.win32_1.17.0.201812190825/tools/compiler/bin/../lib/gcc/arm-none-eabi/7.3.1/../../../../arm-none-eabi/lib/thumb/v7e-m/fpv4-sp/hard\libc.a(lib_a-exit.o)
                0x0800584c                exit
 .text._fwrite_r
                0x0800586c       0xa8 c:/ac6/systemworkbench/plugins/fr.ac6.mcu.externaltools.arm-none.win32_1.17.0.201812190825/tools/compiler/bin/../lib/gcc/arm-none-eabi/7.3.1/../../../../arm-none-eabi/lib/thumb/v7e-m/fpv4-sp/hard\libc.a(lib_a-fwrite.o)
                0x0800586c                _fwrite_r
 .text.fwrite   0x08005914       0x20 c:/ac6/systemworkbench/plugins/fr.ac6.mcu.externaltools.arm-none.win32_1.17.0.201812190825/tools/compiler/bin/../lib/gcc/arm-none-eabi/7.3.1/../../../../arm-none-eabi/lib/thumb/v7e-m/fpv4-sp/hard\libc.a(lib_a-fwrite.o)
                0x08005914                fwrite
 .text.__libc_init_array
                0x08005934       0x48 c:/ac6/systemworkbench/plugins/fr.ac6.mcu.externaltools.arm-none.win32_1.17.0.201812190825/tools/compiler/bin/../lib/gcc/arm-none-eabi/7.3.1/../../../../arm-none-eabi/lib/thumb/v7e-m/fpv4-sp/hard\libc.a(lib_a-init.o)
                0x08005934                __libc_init_array
 .text.__retarget_lock_init_recursive
                0x0800597c        0x4 c:/ac6/systemworkbench/plugins/fr.ac6.mcu.externaltools.arm-none.win32_1.17.0.201812190825/tools/compiler/bin/../lib/gcc/arm-none-eabi/7.3.1/../../../../arm-none-eabi/lib/thumb/v7e-m/fpv4-sp/hard\libc.a(lib_a-lock.o)
                0x0800597c                __retarget_lock_init_recursive
 .text.__retarget_lock_close_recursive
                0x08005980        0x4 c:/ac6/systemworkbench/plugins/fr.ac6.mcu.externaltools.arm-none.win32_1.17.0.201812190825/tools/compiler/bin/../lib/gcc/arm-none-eabi/7.3.1/../../../../arm-none-eabi/lib/thumb/v7e-m/fpv4-sp/hard\libc.a(lib_a-lock.o)
                0x08005980                __retarget_lock_close_recursive
 .text.__retarget_lock_acquire_recursive
                0x08005984        0x4 c:/ac6/systemworkbench/plugins/fr.ac6.mcu.externaltools.arm-none.win32_1.17.0.201812190825/tools/compiler/bin/../lib/gcc/arm-none-eabi/7.3.1/../../../../arm-none-eabi/lib/thumb/v7e-m/fpv4-sp/hard\libc.a(lib_a-lock.o)
                0x08005984                __retarget_lock_acquire_recursive
 .text.__retarget_lock_release_recursive
                0x08005988        0x4 c:/ac6/systemworkbench/plugins/fr.ac6.mcu.externaltools.arm-none.win32_1.17.0.201812190825/tools/compiler/bin/../lib/gcc/arm-none-eabi/7.3.1/../../../../arm-none-eabi/lib/thumb/v7e-m/fpv4-sp/hard\libc.a(lib_a-lock.o)
                0x08005988                __retarget_lock_release_recursive
 .text.malloc   0x0800598c       0x10 c:/ac6/systemworkbench/plugins/fr.ac6.mcu.externaltools.arm-none.win32_1.17.0.201812190825/tools/compiler/bin/../lib/gcc/arm-none-eabi/7.3.1/../../../../arm-none-eabi/lib/thumb/v7e-m/fpv4-sp/hard\libc.a(lib_a-malloc.o)
                0x0800598c                malloc
 .text.free     0x0800599c       0x10 c:/ac6/systemworkbench/plugins/fr.ac6.mcu.externaltools.arm-none.win32_1.17.0.201812190825/tools/compiler/bin/../lib/gcc/arm-none-eabi/7.3.1/../../../../arm-none-eabi/lib/thumb/v7e-m/fpv4-sp/hard\libc.a(lib_a-malloc.o)
                0x0800599c                free
 .text._malloc_r
                0x080059ac      0x548 c:/ac6/systemworkbench/plugins/fr.ac6.mcu.externaltools.arm-none.win32_1.17.0.201812190825/tools/compiler/bin/../lib/gcc/arm-none-eabi/7.3.1/../../../../arm-none-eabi/lib/thumb/v7e-m/fpv4-sp/hard\libc.a(lib_a-mallocr.o)
                0x080059ac                _malloc_r
 .text.memset   0x08005ef4       0x94 c:/ac6/systemworkbench/plugins/fr.ac6.mcu.externaltools.arm-none.win32_1.17.0.201812190825/tools/compiler/bin/../lib/gcc/arm-none-eabi/7.3.1/../../../../arm-none-eabi/lib/thumb/v7e-m/fpv4-sp/hard\libc.a(lib_a-memset.o)
                0x08005ef4                memset
 .text.__malloc_lock
                0x08005f88        0xc c:/ac6/systemworkbench/plugins/fr.ac6.mcu.externaltools.arm-none.win32_1.17.0.201812190825/tools/compiler/bin/../lib/gcc/arm-none-eabi/7.3.1/../../../../arm-none-eabi/lib/thumb/v7e-m/fpv4-sp/hard\libc.a(lib_a-mlock.o)
                0x08005f88                __malloc_lock
 .text.__malloc_unlock
                0x08005f94        0xc c:/ac6/systemworkbench/plugins/fr.ac6.mcu.externaltools.arm-none.win32_1.17.0.201812190825/tools/compiler/bin/../lib/gcc/arm-none-eabi/7.3.1/../../../../arm-none-eabi/lib/thumb/v7e-m/fpv4-sp/hard\libc.a(lib_a-mlock.o)
                0x08005f94                __malloc_unlock
 .text._sbrk_r  0x08005fa0       0x24 c:/ac6/systemworkbench/plugins/fr.ac6.mcu.externaltools.arm-none.win32_1.17.0.201812190825/tools/compiler/bin/../lib/gcc/arm-none-eabi/7.3.1/../../../../arm-none-eabi/lib/thumb/v7e-m/fpv4-sp/hard\libc.a(lib_a-sbrkr.o)
                0x08005fa0                _sbrk_r
 .text.startup.register_fini
                0x08005fc4       0x14 c:/ac6/systemworkbench/plugins/fr.ac6.mcu.externaltools.arm-none.win32_1.17.0.201812190825/tools/compiler/bin/../lib/gcc/arm-none-eabi/7.3.1/../../../../arm-none-eabi/lib/thumb/v7e-m/fpv4-sp/hard\libc.a(lib_a-__call_atexit.o)
 .text.__call_exitprocs
                0x08005fd8       0xe8 c:/ac6/systemworkbench/plugins/fr.ac6.mcu.externaltools.arm-none.win32_1.17.0.201812190825/tools/compiler/bin/../lib/gcc/arm-none-eabi/7.3.1/../../../../arm-none-eabi/lib/thumb/v7e-m/fpv4-sp/hard\libc.a(lib_a-__call_atexit.o)
                0x08005fd8                __call_exitprocs
 .text.atexit   0x080060c0        0xc c:/ac6/systemworkbench/plugins/fr.ac6.mcu.externaltools.arm-none.win32_1.17.0.201812190825/tools/compiler/bin/../lib/gcc/arm-none-eabi/7.3.1/../../../../arm-none-eabi/lib/thumb/v7e-m/fpv4-sp/hard\libc.a(lib_a-atexit.o)
                0x080060c0                atexit
 .text.std      0x080060cc       0x50 c:/ac6/systemworkbench/plugins/fr.ac6.mcu.externaltools.arm-none.win32_1.17.0.201812190825/tools/compiler/bin/../lib/gcc/arm-none-eabi/7.3.1/../../../../arm-none-eabi/lib/thumb/v7e-m/fpv4-sp/hard\libc.a(lib_a-findfp.o)
 .text._cleanup_r
                0x0800611c        0xc c:/ac6/systemworkbench/plugins/fr.ac6.mcu.externaltools.arm-none.win32_1.17.0.201812190825/tools/compiler/bin/../lib/gcc/arm-none-eabi/7.3.1/../../../../arm-none-eabi/lib/thumb/v7e-m/fpv4-sp/hard\libc.a(lib_a-findfp.o)
                0x0800611c                _cleanup_r
 .text.__sinit  0x08006128       0x58 c:/ac6/systemworkbench/plugins/fr.ac6.mcu.externaltools.arm-none.win32_1.17.0.201812190825/tools/compiler/bin/../lib/gcc/arm-none-eabi/7.3.1/../../../../arm-none-eabi/lib/thumb/v7e-m/fpv4-sp/hard\libc.a(lib_a-findfp.o)
                0x08006128                __sinit
 .text.__sfp_lock_acquire
                0x08006180        0xc c:/ac6/systemworkbench/plugins/fr.ac6.mcu.externaltools.arm-none.win32_1.17.0.201812190825/tools/compiler/bin/../lib/gcc/arm-none-eabi/7.3.1/../../../../arm-none-eabi/lib/thumb/v7e-m/fpv4-sp/hard\libc.a(lib_a-findfp.o)
                0x08006180                __sfp_lock_acquire
 .text.__sfp_lock_release
                0x0800618c        0xc c:/ac6/systemworkbench/plugins/fr.ac6.mcu.externaltools.arm-none.win32_1.17.0.201812190825/tools/compiler/bin/../lib/gcc/arm-none-eabi/7.3.1/../../../../arm-none-eabi/lib/thumb/v7e-m/fpv4-sp/hard\libc.a(lib_a-findfp.o)
                0x0800618c                __sfp_lock_release
 .text.__libc_fini_array
                0x08006198       0x34 c:/ac6/systemworkbench/plugins/fr.ac6.mcu.externaltools.arm-none.win32_1.17.0.201812190825/tools/compiler/bin/../lib/gcc/arm-none-eabi/7.3.1/../../../../arm-none-eabi/lib/thumb/v7e-m/fpv4-sp/hard\libc.a(lib_a-fini.o)
                0x08006198                __libc_fini_array
 .text._malloc_trim_r
                0x080061cc       0xa0 c:/ac6/systemworkbench/plugins/fr.ac6.mcu.externaltools.arm-none.win32_1.17.0.201812190825/tools/compiler/bin/../lib/gcc/arm-none-eabi/7.3.1/../../../../arm-none-eabi/lib/thumb/v7e-m/fpv4-sp/hard\libc.a(lib_a-freer.o)
                0x080061cc                _malloc_trim_r
 .text._free_r  0x0800626c      0x1e8 c:/ac6/systemworkbench/plugins/fr.ac6.mcu.externaltools.arm-none.win32_1.17.0.201812190825/tools/compiler/bin/../lib/gcc/arm-none-eabi/7.3.1/../../../../arm-none-eabi/lib/thumb/v7e-m/fpv4-sp/hard\libc.a(lib_a-freer.o)
                0x0800626c                _free_r
 .text.__sfvwrite_r
                0x08006454      0x2fc c:/ac6/systemworkbench/plugins/fr.ac6.mcu.externaltools.arm-none.win32_1.17.0.201812190825/tools/compiler/bin/../lib/gcc/arm-none-eabi/7.3.1/../../../../arm-none-eabi/lib/thumb/v7e-m/fpv4-sp/hard\libc.a(lib_a-fvwrite.o)
                0x08006454                __sfvwrite_r
 .text._fwalk_reent
                0x08006750       0x54 c:/ac6/systemworkbench/plugins/fr.ac6.mcu.externaltools.arm-none.win32_1.17.0.201812190825/tools/compiler/bin/../lib/gcc/arm-none-eabi/7.3.1/../../../../arm-none-eabi/lib/thumb/v7e-m/fpv4-sp/hard\libc.a(lib_a-fwalk.o)
                0x08006750                _fwalk_reent
 .text.memmove  0x080067a4       0xc8 c:/ac6/systemworkbench/plugins/fr.ac6.mcu.externaltools.arm-none.win32_1.17.0.201812190825/tools/compiler/bin/../lib/gcc/arm-none-eabi/7.3.1/../../../../arm-none-eabi/lib/thumb/v7e-m/fpv4-sp/hard\libc.a(lib_a-memmove.o)
                0x080067a4                memmove
 .text._realloc_r
                0x0800686c      0x35c c:/ac6/systemworkbench/plugins/fr.ac6.mcu.externaltools.arm-none.win32_1.17.0.201812190825/tools/compiler/bin/../lib/gcc/arm-none-eabi/7.3.1/../../../../arm-none-eabi/lib/thumb/v7e-m/fpv4-sp/hard\libc.a(lib_a-reallocr.o)
                0x0800686c                _realloc_r
 .text.__sread  0x08006bc8       0x24 c:/ac6/systemworkbench/plugins/fr.ac6.mcu.externaltools.arm-none.win32_1.17.0.201812190825/tools/compiler/bin/../lib/gcc/arm-none-eabi/7.3.1/../../../../arm-none-eabi/lib/thumb/v7e-m/fpv4-sp/hard\libc.a(lib_a-stdio.o)
                0x08006bc8                __sread
 .text.__swrite
                0x08006bec       0x3c c:/ac6/systemworkbench/plugins/fr.ac6.mcu.externaltools.arm-none.win32_1.17.0.201812190825/tools/compiler/bin/../lib/gcc/arm-none-eabi/7.3.1/../../../../arm-none-eabi/lib/thumb/v7e-m/fpv4-sp/hard\libc.a(lib_a-stdio.o)
                0x08006bec                __swrite
 .text.__sseek  0x08006c28       0x20 c:/ac6/systemworkbench/plugins/fr.ac6.mcu.externaltools.arm-none.win32_1.17.0.201812190825/tools/compiler/bin/../lib/gcc/arm-none-eabi/7.3.1/../../../../arm-none-eabi/lib/thumb/v7e-m/fpv4-sp/hard\libc.a(lib_a-stdio.o)
                0x08006c28                __sseek
 .text.__sclose
                0x08006c48        0x8 c:/ac6/systemworkbench/plugins/fr.ac6.mcu.externaltools.arm-none.win32_1.17.0.201812190825/tools/compiler/bin/../lib/gcc/arm-none-eabi/7.3.1/../../../../arm-none-eabi/lib/thumb/v7e-m/fpv4-sp/hard\libc.a(lib_a-stdio.o)
                0x08006c48                __sclose
 .text._write_r
                0x08006c50       0x2c c:/ac6/systemworkbench/plugins/fr.ac6.mcu.externaltools.arm-none.win32_1.17.0.201812190825/tools/compiler/bin/../lib/gcc/arm-none-eabi/7.3.1/../../../../arm-none-eabi/lib/thumb/v7e-m/fpv4-sp/hard\libc.a(lib_a-writer.o)
                0x08006c50                _write_r
 .text.__swsetup_r
                0x08006c7c       0xcc c:/ac6/systemworkbench/plugins/fr.ac6.mcu.externaltools.arm-none.win32_1.17.0.201812190825/tools/compiler/bin/../lib/gcc/arm-none-eabi/7.3.1/../../../../arm-none-eabi/lib/thumb/v7e-m/fpv4-sp/hard\libc.a(lib_a-wsetup.o)
                0x08006c7c                __swsetup_r
 .text.__register_exitproc
                0x08006d48       0xc0 c:/ac6/systemworkbench/plugins/fr.ac6.mcu.externaltools.arm-none.win32_1.17.0.201812190825/tools/compiler/bin/../lib/gcc/arm-none-eabi/7.3.1/../../../../arm-none-eabi/lib/thumb/v7e-m/fpv4-sp/hard\libc.a(lib_a-__atexit.o)
                0x08006d48                __register_exitproc
 .text._close_r
                0x08006e08       0x24 c:/ac6/systemworkbench/plugins/fr.ac6.mcu.externaltools.arm-none.win32_1.17.0.201812190825/tools/compiler/bin/../lib/gcc/arm-none-eabi/7.3.1/../../../../arm-none-eabi/lib/thumb/v7e-m/fpv4-sp/hard\libc.a(lib_a-closer.o)
                0x08006e08                _close_r
 .text._fclose_r
                0x08006e2c       0xd0 c:/ac6/systemworkbench/plugins/fr.ac6.mcu.externaltools.arm-none.win32_1.17.0.201812190825/tools/compiler/bin/../lib/gcc/arm-none-eabi/7.3.1/../../../../arm-none-eabi/lib/thumb/v7e-m/fpv4-sp/hard\libc.a(lib_a-fclose.o)
                0x08006e2c                _fclose_r
 .text.__sflush_r
                0x08006efc      0x154 c:/ac6/systemworkbench/plugins/fr.ac6.mcu.externaltools.arm-none.win32_1.17.0.201812190825/tools/compiler/bin/../lib/gcc/arm-none-eabi/7.3.1/../../../../arm-none-eabi/lib/thumb/v7e-m/fpv4-sp/hard\libc.a(lib_a-fflush.o)
                0x08006efc                __sflush_r
 .text._fflush_r
                0x08007050       0x5c c:/ac6/systemworkbench/plugins/fr.ac6.mcu.externaltools.arm-none.win32_1.17.0.201812190825/tools/compiler/bin/../lib/gcc/arm-none-eabi/7.3.1/../../../../arm-none-eabi/lib/thumb/v7e-m/fpv4-sp/hard\libc.a(lib_a-fflush.o)
                0x08007050                _fflush_r
 .text._lseek_r
                0x080070ac       0x2c c:/ac6/systemworkbench/plugins/fr.ac6.mcu.externaltools.arm-none.win32_1.17.0.201812190825/tools/compiler/bin/../lib/gcc/arm-none-eabi/7.3.1/../../../../arm-none-eabi/lib/thumb/v7e-m/fpv4-sp/hard\libc.a(lib_a-lseekr.o)
                0x080070ac                _lseek_r
 .text.__swhatbuf_r
                0x080070d8       0x5c c:/ac6/systemworkbench/plugins/fr.ac6.mcu.externaltools.arm-none.win32_1.17.0.201812190825/tools/compiler/bin/../lib/gcc/arm-none-eabi/7.3.1/../../../../arm-none-eabi/lib/thumb/v7e-m/fpv4-sp/hard\libc.a(lib_a-makebuf.o)
                0x080070d8                __swhatbuf_r
 .text.__smakebuf_r
                0x08007134       0x94 c:/ac6/systemworkbench/plugins/fr.ac6.mcu.externaltools.arm-none.win32_1.17.0.201812190825/tools/compiler/bin/../lib/gcc/arm-none-eabi/7.3.1/../../../../arm-none-eabi/lib/thumb/v7e-m/fpv4-sp/hard\libc.a(lib_a-makebuf.o)
                0x08007134                __smakebuf_r
 .text._read_r  0x080071c8       0x2c c:/ac6/systemworkbench/plugins/fr.ac6.mcu.externaltools.arm-none.win32_1.17.0.201812190825/tools/compiler/bin/../lib/gcc/arm-none-eabi/7.3.1/../../../../arm-none-eabi/lib/thumb/v7e-m/fpv4-sp/hard\libc.a(lib_a-readr.o)
                0x080071c8                _read_r
 .text._fstat_r
                0x080071f4       0x28 c:/ac6/systemworkbench/plugins/fr.ac6.mcu.externaltools.arm-none.win32_1.17.0.201812190825/tools/compiler/bin/../lib/gcc/arm-none-eabi/7.3.1/../../../../arm-none-eabi/lib/thumb/v7e-m/fpv4-sp/hard\libc.a(lib_a-fstatr.o)
                0x080071f4                _fstat_r
 .text._isatty_r
                0x0800721c       0x24 c:/ac6/systemworkbench/plugins/fr.ac6.mcu.externaltools.arm-none.win32_1.17.0.201812190825/tools/compiler/bin/../lib/gcc/arm-none-eabi/7.3.1/../../../../arm-none-eabi/lib/thumb/v7e-m/fpv4-sp/hard\libc.a(lib_a-isattyr.o)
                0x0800721c                _isatty_r
 *(.glue_7)
 .glue_7        0x08007240        0x0 linker stubs
 *(.glue_7t)
 .glue_7t       0x08007240        0x0 linker stubs
 *(.eh_frame)
 .eh_frame      0x08007240        0x0 c:/ac6/systemworkbench/plugins/fr.ac6.mcu.externaltools.arm-none.win32_1.17.0.201812190825/tools/compiler/bin/../lib/gcc/arm-none-eabi/7.3.1/thumb/v7e-m/fpv4-sp/hard/crtbegin.o
 *(.init)
 .init          0x08007240        0x4 c:/ac6/systemworkbench/plugins/fr.ac6.mcu.externaltools.arm-none.win32_1.17.0.201812190825/tools/compiler/bin/../lib/gcc/arm-none-eabi/7.3.1/thumb/v7e-m/fpv4-sp/hard/crti.o
                0x08007240                _init
 .init          0x08007244        0x8 c:/ac6/systemworkbench/plugins/fr.ac6.mcu.externaltools.arm-none.win32_1.17.0.201812190825/tools/compiler/bin/../lib/gcc/arm-none-eabi/7.3.1/thumb/v7e-m/fpv4-sp/hard/crtn.o
 *(.fini)
 .fini          0x0800724c        0x4 c:/ac6/systemworkbench/plugins/fr.ac6.mcu.externaltools.arm-none.win32_1.17.0.201812190825/tools/compiler/bin/../lib/gcc/arm-none-eabi/7.3.1/thumb/v7e-m/fpv4-sp/hard/crti.o
                0x0800724c                _fini
 .fini          0x08007250        0x8 c:/ac6/systemworkbench/plugins/fr.ac6.mcu.externaltools.arm-none.win32_1.17.0.201812190825/tools/compiler/bin/../lib/gcc/arm-none-eabi/7.3.1/thumb/v7e-m/fpv4-sp/hard/crtn.o
                0x08007258                . = ALIGN (0x4)
                0x08007258                _etext = .

.vfp11_veneer   0x08007258        0x0
 .vfp11_veneer  0x08007258        0x0 linker stubs

.v4_bx          0x08007258        0x0
 .v4_bx         0x08007258        0x0 linker stubs

.iplt           0x08007258        0x0
 .iplt          0x08007258        0x0 c:/ac6/systemworkbench/plugins/fr.ac6.mcu.externaltools.arm-none.win32_1.17.0.201812190825/tools/compiler/bin/../lib/gcc/arm-none-eabi/7.3.1/thumb/v7e-m/fpv4-sp/hard/crtbegin.o

.rodata         0x08007258      0x234
                0x08007258                . = ALIGN (0x4)
 *(.rodata)
 .rodata        0x08007258       0x4e kiss_fft130/kiss_fftr.o
 *(.rodata*)
 *fill*         0x080072a6        0x2 
 .rodata.sqrt.str1.4
                0x080072a8        0x8 c:/ac6/systemworkbench/plugins/fr.ac6.mcu.externaltools.arm-none.win32_1.17.0.201812190825/tools/compiler/bin/../lib/gcc/arm-none-eabi/7.3.1/../../../../arm-none-eabi/lib/thumb/v7e-m/fpv4-sp/hard\libm.a(lib_a-w_sqrt.o)
                                  0x5 (size before relaxing)
 .rodata.npio2_hw
                0x080072b0       0x80 c:/ac6/systemworkbench/plugins/fr.ac6.mcu.externaltools.arm-none.win32_1.17.0.201812190825/tools/compiler/bin/../lib/gcc/arm-none-eabi/7.3.1/../../../../arm-none-eabi/lib/thumb/v7e-m/fpv4-sp/hard\libm.a(lib_a-e_rem_pio2.o)
 .rodata.two_over_pi
                0x08007330      0x108 c:/ac6/systemworkbench/plugins/fr.ac6.mcu.externaltools.arm-none.win32_1.17.0.201812190825/tools/compiler/bin/../lib/gcc/arm-none-eabi/7.3.1/../../../../arm-none-eabi/lib/thumb/v7e-m/fpv4-sp/hard\libm.a(lib_a-e_rem_pio2.o)
 .rodata.PIo2   0x08007438       0x40 c:/ac6/systemworkbench/plugins/fr.ac6.mcu.externaltools.arm-none.win32_1.17.0.201812190825/tools/compiler/bin/../lib/gcc/arm-none-eabi/7.3.1/../../../../arm-none-eabi/lib/thumb/v7e-m/fpv4-sp/hard\libm.a(lib_a-k_rem_pio2.o)
 .rodata.init_jk
                0x08007478       0x10 c:/ac6/systemworkbench/plugins/fr.ac6.mcu.externaltools.arm-none.win32_1.17.0.201812190825/tools/compiler/bin/../lib/gcc/arm-none-eabi/7.3.1/../../../../arm-none-eabi/lib/thumb/v7e-m/fpv4-sp/hard\libm.a(lib_a-k_rem_pio2.o)
 .rodata._global_impure_ptr
                0x08007488        0x4 c:/ac6/systemworkbench/plugins/fr.ac6.mcu.externaltools.arm-none.win32_1.17.0.201812190825/tools/compiler/bin/../lib/gcc/arm-none-eabi/7.3.1/../../../../arm-none-eabi/lib/thumb/v7e-m/fpv4-sp/hard\libc.a(lib_a-impure.o)
                0x08007488                _global_impure_ptr
                0x0800748c                . = ALIGN (0x4)

.rel.dyn        0x0800748c        0x0
 .rel.iplt      0x0800748c        0x0 c:/ac6/systemworkbench/plugins/fr.ac6.mcu.externaltools.arm-none.win32_1.17.0.201812190825/tools/compiler/bin/../lib/gcc/arm-none-eabi/7.3.1/thumb/v7e-m/fpv4-sp/hard/crtbegin.o

.ARM.extab      0x0800748c        0x0
                0x0800748c                . = ALIGN (0x4)
 *(.ARM.extab* .gnu.linkonce.armextab.*)
                0x0800748c                . = ALIGN (0x4)

.ARM            0x0800748c        0x0
                0x0800748c                . = ALIGN (0x4)
                0x0800748c                __exidx_start = .
 *(.ARM.exidx*)
                0x0800748c                __exidx_end = .
                0x0800748c                . = ALIGN (0x4)

.preinit_array  0x0800748c        0x0
                0x0800748c                . = ALIGN (0x4)
                0x0800748c                PROVIDE (__preinit_array_start = .)
 *(.preinit_array*)
                0x0800748c                PROVIDE (__preinit_array_end = .)
                0x0800748c                . = ALIGN (0x4)

.init_array     0x0800748c        0x8
                0x0800748c                . = ALIGN (0x4)
                0x0800748c                PROVIDE (__init_array_start = .)
 *(SORT_BY_NAME(.init_array.*))
 .init_array.00000
                0x0800748c        0x4 c:/ac6/systemworkbench/plugins/fr.ac6.mcu.externaltools.arm-none.win32_1.17.0.201812190825/tools/compiler/bin/../lib/gcc/arm-none-eabi/7.3.1/../../../../arm-none-eabi/lib/thumb/v7e-m/fpv4-sp/hard\libc.a(lib_a-__call_atexit.o)
 *(.init_array*)
 .init_array    0x08007490        0x4 c:/ac6/systemworkbench/plugins/fr.ac6.mcu.externaltools.arm-none.win32_1.17.0.201812190825/tools/compiler/bin/../lib/gcc/arm-none-eabi/7.3.1/thumb/v7e-m/fpv4-sp/hard/crtbegin.o
                0x08007494                PROVIDE (__init_array_end = .)
                0x08007494                . = ALIGN (0x4)

.fini_array     0x08007494        0x4
                0x08007494                . = ALIGN (0x4)
                0x08007494                PROVIDE (__fini_array_start = .)
 *(SORT_BY_NAME(.fini_array.*))
 *(.fini_array*)
 .fini_array    0x08007494        0x4 c:/ac6/systemworkbench/plugins/fr.ac6.mcu.externaltools.arm-none.win32_1.17.0.201812190825/tools/compiler/bin/../lib/gcc/arm-none-eabi/7.3.1/thumb/v7e-m/fpv4-sp/hard/crtbegin.o
                0x08007498                PROVIDE (__fini_array_end = .)
                0x08007498                . = ALIGN (0x4)
                0x08007498                _sidata = LOADADDR (.data)

.data           0x20000000      0x874 load address 0x08007498
                0x20000000                . = ALIGN (0x4)
                0x20000000                _sdata = .
 *(.data)
 .data          0x20000000       0x30 utils/spi.o
                0x20000000                DEFAULT_USER_PERIOD
                0x20000004                DEFAULT_VLEVEL
                0x20000008                DEFAULT_DIP_LVL
                0x2000000c                DEFAULT_SWELL_LVL
                0x20000010                DEFAULT_RUN
                0x20000014                DEFAULT_CONFIG1
                0x20000018                DEFAULT_CFMODE
                0x2000001c                DEFAULT_ACCMODE
                0x20000020                DEFAULT_WFB_CFG
                0x20000024                DEFAULT_EP_CFG
                0x20000028                DEFAULT_WFB_PG_IRQEN
                0x2000002c                DEFAULT_MASK0
 *(.data*)
 .data.__fdlib_version
                0x20000030        0x1 c:/ac6/systemworkbench/plugins/fr.ac6.mcu.externaltools.arm-none.win32_1.17.0.201812190825/tools/compiler/bin/../lib/gcc/arm-none-eabi/7.3.1/../../../../arm-none-eabi/lib/thumb/v7e-m/fpv4-sp/hard\libm.a(lib_a-s_lib_ver.o)
                0x20000030                __fdlib_version
 *fill*         0x20000031        0x3 
 .data._impure_ptr
                0x20000034        0x4 c:/ac6/systemworkbench/plugins/fr.ac6.mcu.externaltools.arm-none.win32_1.17.0.201812190825/tools/compiler/bin/../lib/gcc/arm-none-eabi/7.3.1/../../../../arm-none-eabi/lib/thumb/v7e-m/fpv4-sp/hard\libc.a(lib_a-impure.o)
                0x20000034                _impure_ptr
 .data.impure_data
                0x20000038      0x428 c:/ac6/systemworkbench/plugins/fr.ac6.mcu.externaltools.arm-none.win32_1.17.0.201812190825/tools/compiler/bin/../lib/gcc/arm-none-eabi/7.3.1/../../../../arm-none-eabi/lib/thumb/v7e-m/fpv4-sp/hard\libc.a(lib_a-impure.o)
 .data.__malloc_av_
                0x20000460      0x408 c:/ac6/systemworkbench/plugins/fr.ac6.mcu.externaltools.arm-none.win32_1.17.0.201812190825/tools/compiler/bin/../lib/gcc/arm-none-eabi/7.3.1/../../../../arm-none-eabi/lib/thumb/v7e-m/fpv4-sp/hard\libc.a(lib_a-mallocr.o)
                0x20000460                __malloc_av_
 .data.__malloc_sbrk_base
                0x20000868        0x4 c:/ac6/systemworkbench/plugins/fr.ac6.mcu.externaltools.arm-none.win32_1.17.0.201812190825/tools/compiler/bin/../lib/gcc/arm-none-eabi/7.3.1/../../../../arm-none-eabi/lib/thumb/v7e-m/fpv4-sp/hard\libc.a(lib_a-mallocr.o)
                0x20000868                __malloc_sbrk_base
 .data.__malloc_trim_threshold
                0x2000086c        0x4 c:/ac6/systemworkbench/plugins/fr.ac6.mcu.externaltools.arm-none.win32_1.17.0.201812190825/tools/compiler/bin/../lib/gcc/arm-none-eabi/7.3.1/../../../../arm-none-eabi/lib/thumb/v7e-m/fpv4-sp/hard\libc.a(lib_a-mallocr.o)
                0x2000086c                __malloc_trim_threshold
 .data.__atexit_recursive_mutex
                0x20000870        0x4 c:/ac6/systemworkbench/plugins/fr.ac6.mcu.externaltools.arm-none.win32_1.17.0.201812190825/tools/compiler/bin/../lib/gcc/arm-none-eabi/7.3.1/../../../../arm-none-eabi/lib/thumb/v7e-m/fpv4-sp/hard\libc.a(lib_a-__call_atexit.o)
                0x20000870                __atexit_recursive_mutex
                0x20000874                . = ALIGN (0x4)
                0x20000874                _edata = .

.igot.plt       0x20000874        0x0 load address 0x08007d0c
 .igot.plt      0x20000874        0x0 c:/ac6/systemworkbench/plugins/fr.ac6.mcu.externaltools.arm-none.win32_1.17.0.201812190825/tools/compiler/bin/../lib/gcc/arm-none-eabi/7.3.1/thumb/v7e-m/fpv4-sp/hard/crtbegin.o
                0x20000874                . = ALIGN (0x4)

.bss            0x20000874     0x109c load address 0x08007d0c
                0x20000874                _sbss = .
                0x20000874                __bss_start__ = _sbss
 *(.bss)
 .bss           0x20000874       0x1c c:/ac6/systemworkbench/plugins/fr.ac6.mcu.externaltools.arm-none.win32_1.17.0.201812190825/tools/compiler/bin/../lib/gcc/arm-none-eabi/7.3.1/thumb/v7e-m/fpv4-sp/hard/crtbegin.o
 .bss           0x20000890        0x8 src/syscalls.o
                0x20000890                __env
 .bss           0x20000898        0x2 utils/spi.o
                0x20000898                DEFAULT_CONFIG3
 *(.bss*)
 *fill*         0x2000089a        0x2 
 .bss.__malloc_current_mallinfo
                0x2000089c       0x28 c:/ac6/systemworkbench/plugins/fr.ac6.mcu.externaltools.arm-none.win32_1.17.0.201812190825/tools/compiler/bin/../lib/gcc/arm-none-eabi/7.3.1/../../../../arm-none-eabi/lib/thumb/v7e-m/fpv4-sp/hard\libc.a(lib_a-mallocr.o)
                0x2000089c                __malloc_current_mallinfo
 .bss.__malloc_max_sbrked_mem
                0x200008c4        0x4 c:/ac6/systemworkbench/plugins/fr.ac6.mcu.externaltools.arm-none.win32_1.17.0.201812190825/tools/compiler/bin/../lib/gcc/arm-none-eabi/7.3.1/../../../../arm-none-eabi/lib/thumb/v7e-m/fpv4-sp/hard\libc.a(lib_a-mallocr.o)
                0x200008c4                __malloc_max_sbrked_mem
 .bss.__malloc_max_total_mem
                0x200008c8        0x4 c:/ac6/systemworkbench/plugins/fr.ac6.mcu.externaltools.arm-none.win32_1.17.0.201812190825/tools/compiler/bin/../lib/gcc/arm-none-eabi/7.3.1/../../../../arm-none-eabi/lib/thumb/v7e-m/fpv4-sp/hard\libc.a(lib_a-mallocr.o)
                0x200008c8                __malloc_max_total_mem
 .bss.__malloc_top_pad
                0x200008cc        0x4 c:/ac6/systemworkbench/plugins/fr.ac6.mcu.externaltools.arm-none.win32_1.17.0.201812190825/tools/compiler/bin/../lib/gcc/arm-none-eabi/7.3.1/../../../../arm-none-eabi/lib/thumb/v7e-m/fpv4-sp/hard\libc.a(lib_a-mallocr.o)
                0x200008cc                __malloc_top_pad
 *(COMMON)
 COMMON         0x200008d0     0x1012 src/main.o
                0x200008d0                pTmpBuf1
                0x200018d4                GPIOx_CS
                0x200018d8                ct
                0x200018dc                cfg
                0x200018e0                GPIO_Pin_CS
 *fill*         0x200018e2        0x2 
 COMMON         0x200018e4        0x4 utils/port.o
                0x200018e4                micros
 COMMON         0x200018e8       0x21 c:/ac6/systemworkbench/plugins/fr.ac6.mcu.externaltools.arm-none.win32_1.17.0.201812190825/tools/compiler/bin/../lib/gcc/arm-none-eabi/7.3.1/../../../../arm-none-eabi/lib/thumb/v7e-m/fpv4-sp/hard\libc.a(lib_a-lock.o)
                0x200018e8                __lock___atexit_recursive_mutex
                0x200018ec                __lock___arc4random_mutex
                0x200018f0                __lock___env_recursive_mutex
                0x200018f4                __lock___sinit_recursive_mutex
                0x200018f8                __lock___malloc_recursive_mutex
                0x200018fc                __lock___at_quick_exit_mutex
                0x20001900                __lock___dd_hash_mutex
                0x20001904                __lock___tz_mutex
                0x20001908                __lock___sfp_recursive_mutex
 *fill*         0x20001909        0x3 
 COMMON         0x2000190c        0x4 c:/ac6/systemworkbench/plugins/fr.ac6.mcu.externaltools.arm-none.win32_1.17.0.201812190825/tools/compiler/bin/../lib/gcc/arm-none-eabi/7.3.1/../../../../arm-none-eabi/lib/thumb/v7e-m/fpv4-sp/hard\libc.a(lib_a-reent.o)
                0x2000190c                errno
                0x20001910                . = ALIGN (0x4)
                0x20001910                _ebss = .
                0x20001910                __bss_end__ = _ebss

._user_heap_stack
                0x20001910      0x400 load address 0x08007d0c
                0x20001910                . = ALIGN (0x8)
                0x20001910                PROVIDE (end = .)
                [!provide]                PROVIDE (_end = .)
                0x20001910                . = (. + _Min_Heap_Size)
                0x20001d10                . = (. + _Min_Stack_Size)
 *fill*         0x20001910      0x400 
                0x20001d10                . = ALIGN (0x8)

/DISCARD/
 libc.a(*)
 libm.a(*)
 libgcc.a(*)

.ARM.attributes
                0x00000000       0x30
 *(.ARM.attributes)
 .ARM.attributes
                0x00000000       0x22 c:/ac6/systemworkbench/plugins/fr.ac6.mcu.externaltools.arm-none.win32_1.17.0.201812190825/tools/compiler/bin/../lib/gcc/arm-none-eabi/7.3.1/thumb/v7e-m/fpv4-sp/hard/crti.o
 .ARM.attributes
                0x00000022       0x34 c:/ac6/systemworkbench/plugins/fr.ac6.mcu.externaltools.arm-none.win32_1.17.0.201812190825/tools/compiler/bin/../lib/gcc/arm-none-eabi/7.3.1/thumb/v7e-m/fpv4-sp/hard/crtbegin.o
 .ARM.attributes
                0x00000056       0x39 StdPeriph_Driver/src/misc.o
 .ARM.attributes
                0x0000008f       0x39 StdPeriph_Driver/src/stm32f4xx_dma.o
 .ARM.attributes
                0x000000c8       0x39 StdPeriph_Driver/src/stm32f4xx_exti.o
 .ARM.attributes
                0x00000101       0x39 StdPeriph_Driver/src/stm32f4xx_gpio.o
 .ARM.attributes
                0x0000013a       0x39 StdPeriph_Driver/src/stm32f4xx_rcc.o
 .ARM.attributes
                0x00000173       0x39 StdPeriph_Driver/src/stm32f4xx_spi.o
 .ARM.attributes
                0x000001ac       0x39 StdPeriph_Driver/src/stm32f4xx_syscfg.o
 .ARM.attributes
                0x000001e5       0x39 kiss_fft130/kiss_fft.o
 .ARM.attributes
                0x0000021e       0x39 kiss_fft130/kiss_fftr.o
 .ARM.attributes
                0x00000257       0x39 src/main.o
 .ARM.attributes
                0x00000290       0x39 src/syscalls.o
 .ARM.attributes
                0x000002c9       0x39 src/system_stm32f4xx.o
 .ARM.attributes
                0x00000302       0x21 startup/startup_stm32.o
 .ARM.attributes
                0x00000323       0x39 utils/fft.o
 .ARM.attributes
                0x0000035c       0x39 utils/led.o
 .ARM.attributes
                0x00000395       0x39 utils/port.o
 .ARM.attributes
                0x000003ce       0x39 utils/spi.o
 .ARM.attributes
                0x00000407       0x34 c:/ac6/systemworkbench/plugins/fr.ac6.mcu.externaltools.arm-none.win32_1.17.0.201812190825/tools/compiler/bin/../lib/gcc/arm-none-eabi/7.3.1/../../../../arm-none-eabi/lib/thumb/v7e-m/fpv4-sp/hard\libm.a(lib_a-s_cos.o)
 .ARM.attributes
                0x0000043b       0x34 c:/ac6/systemworkbench/plugins/fr.ac6.mcu.externaltools.arm-none.win32_1.17.0.201812190825/tools/compiler/bin/../lib/gcc/arm-none-eabi/7.3.1/../../../../arm-none-eabi/lib/thumb/v7e-m/fpv4-sp/hard\libm.a(lib_a-s_floor.o)
 .ARM.attributes
                0x0000046f       0x34 c:/ac6/systemworkbench/plugins/fr.ac6.mcu.externaltools.arm-none.win32_1.17.0.201812190825/tools/compiler/bin/../lib/gcc/arm-none-eabi/7.3.1/../../../../arm-none-eabi/lib/thumb/v7e-m/fpv4-sp/hard\libm.a(lib_a-s_sin.o)
 .ARM.attributes
                0x000004a3       0x34 c:/ac6/systemworkbench/plugins/fr.ac6.mcu.externaltools.arm-none.win32_1.17.0.201812190825/tools/compiler/bin/../lib/gcc/arm-none-eabi/7.3.1/../../../../arm-none-eabi/lib/thumb/v7e-m/fpv4-sp/hard\libm.a(lib_a-w_sqrt.o)
 .ARM.attributes
                0x000004d7       0x34 c:/ac6/systemworkbench/plugins/fr.ac6.mcu.externaltools.arm-none.win32_1.17.0.201812190825/tools/compiler/bin/../lib/gcc/arm-none-eabi/7.3.1/../../../../arm-none-eabi/lib/thumb/v7e-m/fpv4-sp/hard\libm.a(lib_a-e_rem_pio2.o)
 .ARM.attributes
                0x0000050b       0x34 c:/ac6/systemworkbench/plugins/fr.ac6.mcu.externaltools.arm-none.win32_1.17.0.201812190825/tools/compiler/bin/../lib/gcc/arm-none-eabi/7.3.1/../../../../arm-none-eabi/lib/thumb/v7e-m/fpv4-sp/hard\libm.a(lib_a-e_sqrt.o)
 .ARM.attributes
                0x0000053f       0x34 c:/ac6/systemworkbench/plugins/fr.ac6.mcu.externaltools.arm-none.win32_1.17.0.201812190825/tools/compiler/bin/../lib/gcc/arm-none-eabi/7.3.1/../../../../arm-none-eabi/lib/thumb/v7e-m/fpv4-sp/hard\libm.a(lib_a-k_cos.o)
 .ARM.attributes
                0x00000573       0x34 c:/ac6/systemworkbench/plugins/fr.ac6.mcu.externaltools.arm-none.win32_1.17.0.201812190825/tools/compiler/bin/../lib/gcc/arm-none-eabi/7.3.1/../../../../arm-none-eabi/lib/thumb/v7e-m/fpv4-sp/hard\libm.a(lib_a-k_rem_pio2.o)
 .ARM.attributes
                0x000005a7       0x34 c:/ac6/systemworkbench/plugins/fr.ac6.mcu.externaltools.arm-none.win32_1.17.0.201812190825/tools/compiler/bin/../lib/gcc/arm-none-eabi/7.3.1/../../../../arm-none-eabi/lib/thumb/v7e-m/fpv4-sp/hard\libm.a(lib_a-k_sin.o)
 .ARM.attributes
                0x000005db       0x34 c:/ac6/systemworkbench/plugins/fr.ac6.mcu.externaltools.arm-none.win32_1.17.0.201812190825/tools/compiler/bin/../lib/gcc/arm-none-eabi/7.3.1/../../../../arm-none-eabi/lib/thumb/v7e-m/fpv4-sp/hard\libm.a(lib_a-s_fabs.o)
 .ARM.attributes
                0x0000060f       0x34 c:/ac6/systemworkbench/plugins/fr.ac6.mcu.externaltools.arm-none.win32_1.17.0.201812190825/tools/compiler/bin/../lib/gcc/arm-none-eabi/7.3.1/../../../../arm-none-eabi/lib/thumb/v7e-m/fpv4-sp/hard\libm.a(lib_a-s_lib_ver.o)
 .ARM.attributes
                0x00000643       0x34 c:/ac6/systemworkbench/plugins/fr.ac6.mcu.externaltools.arm-none.win32_1.17.0.201812190825/tools/compiler/bin/../lib/gcc/arm-none-eabi/7.3.1/../../../../arm-none-eabi/lib/thumb/v7e-m/fpv4-sp/hard\libm.a(lib_a-s_matherr.o)
 .ARM.attributes
                0x00000677       0x34 c:/ac6/systemworkbench/plugins/fr.ac6.mcu.externaltools.arm-none.win32_1.17.0.201812190825/tools/compiler/bin/../lib/gcc/arm-none-eabi/7.3.1/../../../../arm-none-eabi/lib/thumb/v7e-m/fpv4-sp/hard\libm.a(lib_a-s_scalbn.o)
 .ARM.attributes
                0x000006ab       0x34 c:/ac6/systemworkbench/plugins/fr.ac6.mcu.externaltools.arm-none.win32_1.17.0.201812190825/tools/compiler/bin/../lib/gcc/arm-none-eabi/7.3.1/../../../../arm-none-eabi/lib/thumb/v7e-m/fpv4-sp/hard\libm.a(lib_a-s_copysign.o)
 .ARM.attributes
                0x000006df       0x22 c:/ac6/systemworkbench/plugins/fr.ac6.mcu.externaltools.arm-none.win32_1.17.0.201812190825/tools/compiler/bin/../lib/gcc/arm-none-eabi/7.3.1/thumb/v7e-m/fpv4-sp/hard\libgcc.a(_arm_addsubdf3.o)
 .ARM.attributes
                0x00000701       0x22 c:/ac6/systemworkbench/plugins/fr.ac6.mcu.externaltools.arm-none.win32_1.17.0.201812190825/tools/compiler/bin/../lib/gcc/arm-none-eabi/7.3.1/thumb/v7e-m/fpv4-sp/hard\libgcc.a(_arm_muldivdf3.o)
 .ARM.attributes
                0x00000723       0x22 c:/ac6/systemworkbench/plugins/fr.ac6.mcu.externaltools.arm-none.win32_1.17.0.201812190825/tools/compiler/bin/../lib/gcc/arm-none-eabi/7.3.1/thumb/v7e-m/fpv4-sp/hard\libgcc.a(_arm_cmpdf2.o)
 .ARM.attributes
                0x00000745       0x22 c:/ac6/systemworkbench/plugins/fr.ac6.mcu.externaltools.arm-none.win32_1.17.0.201812190825/tools/compiler/bin/../lib/gcc/arm-none-eabi/7.3.1/thumb/v7e-m/fpv4-sp/hard\libgcc.a(_arm_unorddf2.o)
 .ARM.attributes
                0x00000767       0x22 c:/ac6/systemworkbench/plugins/fr.ac6.mcu.externaltools.arm-none.win32_1.17.0.201812190825/tools/compiler/bin/../lib/gcc/arm-none-eabi/7.3.1/thumb/v7e-m/fpv4-sp/hard\libgcc.a(_arm_fixdfsi.o)
 .ARM.attributes
                0x00000789       0x22 c:/ac6/systemworkbench/plugins/fr.ac6.mcu.externaltools.arm-none.win32_1.17.0.201812190825/tools/compiler/bin/../lib/gcc/arm-none-eabi/7.3.1/thumb/v7e-m/fpv4-sp/hard\libgcc.a(_arm_truncdfsf2.o)
 .ARM.attributes
                0x000007ab       0x34 c:/ac6/systemworkbench/plugins/fr.ac6.mcu.externaltools.arm-none.win32_1.17.0.201812190825/tools/compiler/bin/../lib/gcc/arm-none-eabi/7.3.1/../../../../arm-none-eabi/lib/thumb/v7e-m/fpv4-sp/hard\libc.a(lib_a-errno.o)
 .ARM.attributes
                0x000007df       0x34 c:/ac6/systemworkbench/plugins/fr.ac6.mcu.externaltools.arm-none.win32_1.17.0.201812190825/tools/compiler/bin/../lib/gcc/arm-none-eabi/7.3.1/../../../../arm-none-eabi/lib/thumb/v7e-m/fpv4-sp/hard\libc.a(lib_a-exit.o)
 .ARM.attributes
                0x00000813       0x34 c:/ac6/systemworkbench/plugins/fr.ac6.mcu.externaltools.arm-none.win32_1.17.0.201812190825/tools/compiler/bin/../lib/gcc/arm-none-eabi/7.3.1/../../../../arm-none-eabi/lib/thumb/v7e-m/fpv4-sp/hard\libc.a(lib_a-fwrite.o)
 .ARM.attributes
                0x00000847       0x34 c:/ac6/systemworkbench/plugins/fr.ac6.mcu.externaltools.arm-none.win32_1.17.0.201812190825/tools/compiler/bin/../lib/gcc/arm-none-eabi/7.3.1/../../../../arm-none-eabi/lib/thumb/v7e-m/fpv4-sp/hard\libc.a(lib_a-impure.o)
 .ARM.attributes
                0x0000087b       0x34 c:/ac6/systemworkbench/plugins/fr.ac6.mcu.externaltools.arm-none.win32_1.17.0.201812190825/tools/compiler/bin/../lib/gcc/arm-none-eabi/7.3.1/../../../../arm-none-eabi/lib/thumb/v7e-m/fpv4-sp/hard\libc.a(lib_a-init.o)
 .ARM.attributes
                0x000008af       0x34 c:/ac6/systemworkbench/plugins/fr.ac6.mcu.externaltools.arm-none.win32_1.17.0.201812190825/tools/compiler/bin/../lib/gcc/arm-none-eabi/7.3.1/../../../../arm-none-eabi/lib/thumb/v7e-m/fpv4-sp/hard\libc.a(lib_a-lock.o)
 .ARM.attributes
                0x000008e3       0x34 c:/ac6/systemworkbench/plugins/fr.ac6.mcu.externaltools.arm-none.win32_1.17.0.201812190825/tools/compiler/bin/../lib/gcc/arm-none-eabi/7.3.1/../../../../arm-none-eabi/lib/thumb/v7e-m/fpv4-sp/hard\libc.a(lib_a-malloc.o)
 .ARM.attributes
                0x00000917       0x34 c:/ac6/systemworkbench/plugins/fr.ac6.mcu.externaltools.arm-none.win32_1.17.0.201812190825/tools/compiler/bin/../lib/gcc/arm-none-eabi/7.3.1/../../../../arm-none-eabi/lib/thumb/v7e-m/fpv4-sp/hard\libc.a(lib_a-mallocr.o)
 .ARM.attributes
                0x0000094b       0x20 c:/ac6/systemworkbench/plugins/fr.ac6.mcu.externaltools.arm-none.win32_1.17.0.201812190825/tools/compiler/bin/../lib/gcc/arm-none-eabi/7.3.1/../../../../arm-none-eabi/lib/thumb/v7e-m/fpv4-sp/hard\libc.a(lib_a-memcpy.o)
 .ARM.attributes
                0x0000096b       0x34 c:/ac6/systemworkbench/plugins/fr.ac6.mcu.externaltools.arm-none.win32_1.17.0.201812190825/tools/compiler/bin/../lib/gcc/arm-none-eabi/7.3.1/../../../../arm-none-eabi/lib/thumb/v7e-m/fpv4-sp/hard\libc.a(lib_a-memset.o)
 .ARM.attributes
                0x0000099f       0x34 c:/ac6/systemworkbench/plugins/fr.ac6.mcu.externaltools.arm-none.win32_1.17.0.201812190825/tools/compiler/bin/../lib/gcc/arm-none-eabi/7.3.1/../../../../arm-none-eabi/lib/thumb/v7e-m/fpv4-sp/hard\libc.a(lib_a-mlock.o)
 .ARM.attributes
                0x000009d3       0x34 c:/ac6/systemworkbench/plugins/fr.ac6.mcu.externaltools.arm-none.win32_1.17.0.201812190825/tools/compiler/bin/../lib/gcc/arm-none-eabi/7.3.1/../../../../arm-none-eabi/lib/thumb/v7e-m/fpv4-sp/hard\libc.a(lib_a-sbrkr.o)
 .ARM.attributes
                0x00000a07       0x34 c:/ac6/systemworkbench/plugins/fr.ac6.mcu.externaltools.arm-none.win32_1.17.0.201812190825/tools/compiler/bin/../lib/gcc/arm-none-eabi/7.3.1/../../../../arm-none-eabi/lib/thumb/v7e-m/fpv4-sp/hard\libc.a(lib_a-__call_atexit.o)
 .ARM.attributes
                0x00000a3b       0x34 c:/ac6/systemworkbench/plugins/fr.ac6.mcu.externaltools.arm-none.win32_1.17.0.201812190825/tools/compiler/bin/../lib/gcc/arm-none-eabi/7.3.1/../../../../arm-none-eabi/lib/thumb/v7e-m/fpv4-sp/hard\libc.a(lib_a-atexit.o)
 .ARM.attributes
                0x00000a6f       0x34 c:/ac6/systemworkbench/plugins/fr.ac6.mcu.externaltools.arm-none.win32_1.17.0.201812190825/tools/compiler/bin/../lib/gcc/arm-none-eabi/7.3.1/../../../../arm-none-eabi/lib/thumb/v7e-m/fpv4-sp/hard\libc.a(lib_a-findfp.o)
 .ARM.attributes
                0x00000aa3       0x34 c:/ac6/systemworkbench/plugins/fr.ac6.mcu.externaltools.arm-none.win32_1.17.0.201812190825/tools/compiler/bin/../lib/gcc/arm-none-eabi/7.3.1/../../../../arm-none-eabi/lib/thumb/v7e-m/fpv4-sp/hard\libc.a(lib_a-fini.o)
 .ARM.attributes
                0x00000ad7       0x34 c:/ac6/systemworkbench/plugins/fr.ac6.mcu.externaltools.arm-none.win32_1.17.0.201812190825/tools/compiler/bin/../lib/gcc/arm-none-eabi/7.3.1/../../../../arm-none-eabi/lib/thumb/v7e-m/fpv4-sp/hard\libc.a(lib_a-freer.o)
 .ARM.attributes
                0x00000b0b       0x34 c:/ac6/systemworkbench/plugins/fr.ac6.mcu.externaltools.arm-none.win32_1.17.0.201812190825/tools/compiler/bin/../lib/gcc/arm-none-eabi/7.3.1/../../../../arm-none-eabi/lib/thumb/v7e-m/fpv4-sp/hard\libc.a(lib_a-fvwrite.o)
 .ARM.attributes
                0x00000b3f       0x34 c:/ac6/systemworkbench/plugins/fr.ac6.mcu.externaltools.arm-none.win32_1.17.0.201812190825/tools/compiler/bin/../lib/gcc/arm-none-eabi/7.3.1/../../../../arm-none-eabi/lib/thumb/v7e-m/fpv4-sp/hard\libc.a(lib_a-fwalk.o)
 .ARM.attributes
                0x00000b73       0x20 c:/ac6/systemworkbench/plugins/fr.ac6.mcu.externaltools.arm-none.win32_1.17.0.201812190825/tools/compiler/bin/../lib/gcc/arm-none-eabi/7.3.1/../../../../arm-none-eabi/lib/thumb/v7e-m/fpv4-sp/hard\libc.a(lib_a-memchr.o)
 .ARM.attributes
                0x00000b93       0x34 c:/ac6/systemworkbench/plugins/fr.ac6.mcu.externaltools.arm-none.win32_1.17.0.201812190825/tools/compiler/bin/../lib/gcc/arm-none-eabi/7.3.1/../../../../arm-none-eabi/lib/thumb/v7e-m/fpv4-sp/hard\libc.a(lib_a-memmove.o)
 .ARM.attributes
                0x00000bc7       0x34 c:/ac6/systemworkbench/plugins/fr.ac6.mcu.externaltools.arm-none.win32_1.17.0.201812190825/tools/compiler/bin/../lib/gcc/arm-none-eabi/7.3.1/../../../../arm-none-eabi/lib/thumb/v7e-m/fpv4-sp/hard\libc.a(lib_a-reallocr.o)
 .ARM.attributes
                0x00000bfb       0x34 c:/ac6/systemworkbench/plugins/fr.ac6.mcu.externaltools.arm-none.win32_1.17.0.201812190825/tools/compiler/bin/../lib/gcc/arm-none-eabi/7.3.1/../../../../arm-none-eabi/lib/thumb/v7e-m/fpv4-sp/hard\libc.a(lib_a-reent.o)
 .ARM.attributes
                0x00000c2f       0x34 c:/ac6/systemworkbench/plugins/fr.ac6.mcu.externaltools.arm-none.win32_1.17.0.201812190825/tools/compiler/bin/../lib/gcc/arm-none-eabi/7.3.1/../../../../arm-none-eabi/lib/thumb/v7e-m/fpv4-sp/hard\libc.a(lib_a-stdio.o)
 .ARM.attributes
                0x00000c63       0x34 c:/ac6/systemworkbench/plugins/fr.ac6.mcu.externaltools.arm-none.win32_1.17.0.201812190825/tools/compiler/bin/../lib/gcc/arm-none-eabi/7.3.1/../../../../arm-none-eabi/lib/thumb/v7e-m/fpv4-sp/hard\libc.a(lib_a-writer.o)
 .ARM.attributes
                0x00000c97       0x34 c:/ac6/systemworkbench/plugins/fr.ac6.mcu.externaltools.arm-none.win32_1.17.0.201812190825/tools/compiler/bin/../lib/gcc/arm-none-eabi/7.3.1/../../../../arm-none-eabi/lib/thumb/v7e-m/fpv4-sp/hard\libc.a(lib_a-wsetup.o)
 .ARM.attributes
                0x00000ccb       0x34 c:/ac6/systemworkbench/plugins/fr.ac6.mcu.externaltools.arm-none.win32_1.17.0.201812190825/tools/compiler/bin/../lib/gcc/arm-none-eabi/7.3.1/../../../../arm-none-eabi/lib/thumb/v7e-m/fpv4-sp/hard\libc.a(lib_a-__atexit.o)
 .ARM.attributes
                0x00000cff       0x34 c:/ac6/systemworkbench/plugins/fr.ac6.mcu.externaltools.arm-none.win32_1.17.0.201812190825/tools/compiler/bin/../lib/gcc/arm-none-eabi/7.3.1/../../../../arm-none-eabi/lib/thumb/v7e-m/fpv4-sp/hard\libc.a(lib_a-closer.o)
 .ARM.attributes
                0x00000d33       0x34 c:/ac6/systemworkbench/plugins/fr.ac6.mcu.externaltools.arm-none.win32_1.17.0.201812190825/tools/compiler/bin/../lib/gcc/arm-none-eabi/7.3.1/../../../../arm-none-eabi/lib/thumb/v7e-m/fpv4-sp/hard\libc.a(lib_a-fclose.o)
 .ARM.attributes
                0x00000d67       0x34 c:/ac6/systemworkbench/plugins/fr.ac6.mcu.externaltools.arm-none.win32_1.17.0.201812190825/tools/compiler/bin/../lib/gcc/arm-none-eabi/7.3.1/../../../../arm-none-eabi/lib/thumb/v7e-m/fpv4-sp/hard\libc.a(lib_a-fflush.o)
 .ARM.attributes
                0x00000d9b       0x34 c:/ac6/systemworkbench/plugins/fr.ac6.mcu.externaltools.arm-none.win32_1.17.0.201812190825/tools/compiler/bin/../lib/gcc/arm-none-eabi/7.3.1/../../../../arm-none-eabi/lib/thumb/v7e-m/fpv4-sp/hard\libc.a(lib_a-lseekr.o)
 .ARM.attributes
                0x00000dcf       0x34 c:/ac6/systemworkbench/plugins/fr.ac6.mcu.externaltools.arm-none.win32_1.17.0.201812190825/tools/compiler/bin/../lib/gcc/arm-none-eabi/7.3.1/../../../../arm-none-eabi/lib/thumb/v7e-m/fpv4-sp/hard\libc.a(lib_a-makebuf.o)
 .ARM.attributes
                0x00000e03       0x34 c:/ac6/systemworkbench/plugins/fr.ac6.mcu.externaltools.arm-none.win32_1.17.0.201812190825/tools/compiler/bin/../lib/gcc/arm-none-eabi/7.3.1/../../../../arm-none-eabi/lib/thumb/v7e-m/fpv4-sp/hard\libc.a(lib_a-readr.o)
 .ARM.attributes
                0x00000e37       0x34 c:/ac6/systemworkbench/plugins/fr.ac6.mcu.externaltools.arm-none.win32_1.17.0.201812190825/tools/compiler/bin/../lib/gcc/arm-none-eabi/7.3.1/../../../../arm-none-eabi/lib/thumb/v7e-m/fpv4-sp/hard\libc.a(lib_a-fstatr.o)
 .ARM.attributes
                0x00000e6b       0x34 c:/ac6/systemworkbench/plugins/fr.ac6.mcu.externaltools.arm-none.win32_1.17.0.201812190825/tools/compiler/bin/../lib/gcc/arm-none-eabi/7.3.1/../../../../arm-none-eabi/lib/thumb/v7e-m/fpv4-sp/hard\libc.a(lib_a-isattyr.o)
 .ARM.attributes
                0x00000e9f       0x22 c:/ac6/systemworkbench/plugins/fr.ac6.mcu.externaltools.arm-none.win32_1.17.0.201812190825/tools/compiler/bin/../lib/gcc/arm-none-eabi/7.3.1/thumb/v7e-m/fpv4-sp/hard/crtn.o
OUTPUT(medidor_f4.elf elf32-littlearm)

.debug_info     0x00000000     0xa3d0
 .debug_info    0x00000000      0x54b StdPeriph_Driver/src/misc.o
 .debug_info    0x0000054b      0x74b StdPeriph_Driver/src/stm32f4xx_dma.o
 .debug_info    0x00000c96      0x358 StdPeriph_Driver/src/stm32f4xx_exti.o
 .debug_info    0x00000fee      0x62b StdPeriph_Driver/src/stm32f4xx_gpio.o
 .debug_info    0x00001619      0xe67 StdPeriph_Driver/src/stm32f4xx_rcc.o
 .debug_info    0x00002480      0xb4d StdPeriph_Driver/src/stm32f4xx_spi.o
 .debug_info    0x00002fcd      0x2a6 StdPeriph_Driver/src/stm32f4xx_syscfg.o
 .debug_info    0x00003273      0xfe9 kiss_fft130/kiss_fft.o
 .debug_info    0x0000425c      0xbed kiss_fft130/kiss_fftr.o
 .debug_info    0x00004e49      0xf06 src/main.o
 .debug_info    0x00005d4f      0xf2e src/syscalls.o
 .debug_info    0x00006c7d      0x612 src/system_stm32f4xx.o
 .debug_info    0x0000728f       0x22 startup/startup_stm32.o
 .debug_info    0x000072b1      0xe10 utils/fft.o
 .debug_info    0x000080c1      0x319 utils/led.o
 .debug_info    0x000083da      0x783 utils/port.o
 .debug_info    0x00008b5d     0x1873 utils/spi.o

.debug_abbrev   0x00000000     0x1fe3
 .debug_abbrev  0x00000000      0x177 StdPeriph_Driver/src/misc.o
 .debug_abbrev  0x00000177      0x16d StdPeriph_Driver/src/stm32f4xx_dma.o
 .debug_abbrev  0x000002e4      0x1c3 StdPeriph_Driver/src/stm32f4xx_exti.o
 .debug_abbrev  0x000004a7      0x1bf StdPeriph_Driver/src/stm32f4xx_gpio.o
 .debug_abbrev  0x00000666      0x1d4 StdPeriph_Driver/src/stm32f4xx_rcc.o
 .debug_abbrev  0x0000083a      0x17f StdPeriph_Driver/src/stm32f4xx_spi.o
 .debug_abbrev  0x000009b9      0x14b StdPeriph_Driver/src/stm32f4xx_syscfg.o
 .debug_abbrev  0x00000b04      0x2ef kiss_fft130/kiss_fft.o
 .debug_abbrev  0x00000df3      0x232 kiss_fft130/kiss_fftr.o
 .debug_abbrev  0x00001025      0x271 src/main.o
 .debug_abbrev  0x00001296      0x2aa src/syscalls.o
 .debug_abbrev  0x00001540      0x15d src/system_stm32f4xx.o
 .debug_abbrev  0x0000169d       0x12 startup/startup_stm32.o
 .debug_abbrev  0x000016af      0x289 utils/fft.o
 .debug_abbrev  0x00001938      0x144 utils/led.o
 .debug_abbrev  0x00001a7c      0x1fd utils/port.o
 .debug_abbrev  0x00001c79      0x36a utils/spi.o

.debug_aranges  0x00000000      0x7d0
 .debug_aranges
                0x00000000       0x40 StdPeriph_Driver/src/misc.o
 .debug_aranges
                0x00000040       0xb0 StdPeriph_Driver/src/stm32f4xx_dma.o
 .debug_aranges
                0x000000f0       0x58 StdPeriph_Driver/src/stm32f4xx_exti.o
 .debug_aranges
                0x00000148       0x88 StdPeriph_Driver/src/stm32f4xx_gpio.o
 .debug_aranges
                0x000001d0      0x1c0 StdPeriph_Driver/src/stm32f4xx_rcc.o
 .debug_aranges
                0x00000390       0xe0 StdPeriph_Driver/src/stm32f4xx_spi.o
 .debug_aranges
                0x00000470       0x50 StdPeriph_Driver/src/stm32f4xx_syscfg.o
 .debug_aranges
                0x000004c0       0x70 kiss_fft130/kiss_fft.o
 .debug_aranges
                0x00000530       0x30 kiss_fft130/kiss_fftr.o
 .debug_aranges
                0x00000560       0x30 src/main.o
 .debug_aranges
                0x00000590       0xb0 src/syscalls.o
 .debug_aranges
                0x00000640       0x30 src/system_stm32f4xx.o
 .debug_aranges
                0x00000670       0x28 startup/startup_stm32.o
 .debug_aranges
                0x00000698       0x38 utils/fft.o
 .debug_aranges
                0x000006d0       0x28 utils/led.o
 .debug_aranges
                0x000006f8       0x50 utils/port.o
 .debug_aranges
                0x00000748       0x88 utils/spi.o

.debug_ranges   0x00000000      0x6e0
 .debug_ranges  0x00000000       0x30 StdPeriph_Driver/src/misc.o
 .debug_ranges  0x00000030       0xa0 StdPeriph_Driver/src/stm32f4xx_dma.o
 .debug_ranges  0x000000d0       0x48 StdPeriph_Driver/src/stm32f4xx_exti.o
 .debug_ranges  0x00000118       0x78 StdPeriph_Driver/src/stm32f4xx_gpio.o
 .debug_ranges  0x00000190      0x1b0 StdPeriph_Driver/src/stm32f4xx_rcc.o
 .debug_ranges  0x00000340       0xd0 StdPeriph_Driver/src/stm32f4xx_spi.o
 .debug_ranges  0x00000410       0x40 StdPeriph_Driver/src/stm32f4xx_syscfg.o
 .debug_ranges  0x00000450       0x78 kiss_fft130/kiss_fft.o
 .debug_ranges  0x000004c8       0x20 kiss_fft130/kiss_fftr.o
 .debug_ranges  0x000004e8       0x20 src/main.o
 .debug_ranges  0x00000508       0xa0 src/syscalls.o
 .debug_ranges  0x000005a8       0x20 src/system_stm32f4xx.o
 .debug_ranges  0x000005c8       0x20 startup/startup_stm32.o
 .debug_ranges  0x000005e8       0x28 utils/fft.o
 .debug_ranges  0x00000610       0x18 utils/led.o
 .debug_ranges  0x00000628       0x40 utils/port.o
 .debug_ranges  0x00000668       0x78 utils/spi.o

.debug_macro    0x00000000    0x14f0e
 .debug_macro   0x00000000      0x1be StdPeriph_Driver/src/misc.o
 .debug_macro   0x000001be      0xa78 StdPeriph_Driver/src/misc.o
 .debug_macro   0x00000c36       0x6b StdPeriph_Driver/src/misc.o
 .debug_macro   0x00000ca1       0x3b StdPeriph_Driver/src/misc.o
 .debug_macro   0x00000cdc       0x22 StdPeriph_Driver/src/misc.o
 .debug_macro   0x00000cfe       0x8e StdPeriph_Driver/src/misc.o
 .debug_macro   0x00000d8c       0x51 StdPeriph_Driver/src/misc.o
 .debug_macro   0x00000ddd       0xef StdPeriph_Driver/src/misc.o
 .debug_macro   0x00000ecc       0x6a StdPeriph_Driver/src/misc.o
 .debug_macro   0x00000f36      0x1df StdPeriph_Driver/src/misc.o
 .debug_macro   0x00001115       0x34 StdPeriph_Driver/src/misc.o
 .debug_macro   0x00001149       0x26 StdPeriph_Driver/src/misc.o
 .debug_macro   0x0000116f      0xe43 StdPeriph_Driver/src/misc.o
 .debug_macro   0x00001fb2     0x91ad StdPeriph_Driver/src/misc.o
 .debug_macro   0x0000b15f      0x44f StdPeriph_Driver/src/misc.o
 .debug_macro   0x0000b5ae       0xb2 StdPeriph_Driver/src/misc.o
 .debug_macro   0x0000b660      0x477 StdPeriph_Driver/src/misc.o
 .debug_macro   0x0000bad7       0xb5 StdPeriph_Driver/src/misc.o
 .debug_macro   0x0000bb8c      0x41c StdPeriph_Driver/src/misc.o
 .debug_macro   0x0000bfa8      0x2fb StdPeriph_Driver/src/misc.o
 .debug_macro   0x0000c2a3      0x2ba StdPeriph_Driver/src/misc.o
 .debug_macro   0x0000c55d       0x64 StdPeriph_Driver/src/misc.o
 .debug_macro   0x0000c5c1       0xee StdPeriph_Driver/src/misc.o
 .debug_macro   0x0000c6af      0x65f StdPeriph_Driver/src/misc.o
 .debug_macro   0x0000cd0e      0x59e StdPeriph_Driver/src/misc.o
 .debug_macro   0x0000d2ac      0x342 StdPeriph_Driver/src/misc.o
 .debug_macro   0x0000d5ee      0x36c StdPeriph_Driver/src/misc.o
 .debug_macro   0x0000d95a      0x114 StdPeriph_Driver/src/misc.o
 .debug_macro   0x0000da6e      0x73b StdPeriph_Driver/src/misc.o
 .debug_macro   0x0000e1a9      0x223 StdPeriph_Driver/src/misc.o
 .debug_macro   0x0000e3cc       0x34 StdPeriph_Driver/src/misc.o
 .debug_macro   0x0000e400      0x144 StdPeriph_Driver/src/misc.o
 .debug_macro   0x0000e544       0xc3 StdPeriph_Driver/src/misc.o
 .debug_macro   0x0000e607       0x40 StdPeriph_Driver/src/misc.o
 .debug_macro   0x0000e647      0x3cf StdPeriph_Driver/src/misc.o
 .debug_macro   0x0000ea16      0x188 StdPeriph_Driver/src/misc.o
 .debug_macro   0x0000eb9e      0x149 StdPeriph_Driver/src/misc.o
 .debug_macro   0x0000ece7       0x35 StdPeriph_Driver/src/misc.o
 .debug_macro   0x0000ed1c       0x7c StdPeriph_Driver/src/misc.o
 .debug_macro   0x0000ed98      0x210 StdPeriph_Driver/src/stm32f4xx_dma.o
 .debug_macro   0x0000efa8      0x471 StdPeriph_Driver/src/stm32f4xx_dma.o
 .debug_macro   0x0000f419      0x1be StdPeriph_Driver/src/stm32f4xx_exti.o
 .debug_macro   0x0000f5d7       0xaf StdPeriph_Driver/src/stm32f4xx_exti.o
 .debug_macro   0x0000f686      0x1bc StdPeriph_Driver/src/stm32f4xx_gpio.o
 .debug_macro   0x0000f842      0x2f5 StdPeriph_Driver/src/stm32f4xx_gpio.o
 .debug_macro   0x0000fb37      0x28b StdPeriph_Driver/src/stm32f4xx_rcc.o
 .debug_macro   0x0000fdc2      0x1e8 StdPeriph_Driver/src/stm32f4xx_spi.o
 .debug_macro   0x0000ffaa      0x366 StdPeriph_Driver/src/stm32f4xx_spi.o
 .debug_macro   0x00010310      0x20a StdPeriph_Driver/src/stm32f4xx_syscfg.o
 .debug_macro   0x0001051a      0x10e StdPeriph_Driver/src/stm32f4xx_syscfg.o
 .debug_macro   0x00010628      0x247 kiss_fft130/kiss_fft.o
 .debug_macro   0x0001086f       0x18 kiss_fft130/kiss_fft.o
 .debug_macro   0x00010887       0x58 kiss_fft130/kiss_fft.o
 .debug_macro   0x000108df       0x94 kiss_fft130/kiss_fft.o
 .debug_macro   0x00010973       0x35 kiss_fft130/kiss_fft.o
 .debug_macro   0x000109a8       0x34 kiss_fft130/kiss_fft.o
 .debug_macro   0x000109dc       0x16 kiss_fft130/kiss_fft.o
 .debug_macro   0x000109f2      0x10e kiss_fft130/kiss_fft.o
 .debug_macro   0x00010b00       0x8d kiss_fft130/kiss_fft.o
 .debug_macro   0x00010b8d       0x57 kiss_fft130/kiss_fft.o
 .debug_macro   0x00010be4       0x58 kiss_fft130/kiss_fft.o
 .debug_macro   0x00010c3c       0x1f kiss_fft130/kiss_fft.o
 .debug_macro   0x00010c5b       0x43 kiss_fft130/kiss_fft.o
 .debug_macro   0x00010c9e       0x20 kiss_fft130/kiss_fft.o
 .debug_macro   0x00010cbe      0x18e kiss_fft130/kiss_fft.o
 .debug_macro   0x00010e4c      0x330 kiss_fft130/kiss_fft.o
 .debug_macro   0x0001117c       0x16 kiss_fft130/kiss_fft.o
 .debug_macro   0x00011192       0x29 kiss_fft130/kiss_fft.o
 .debug_macro   0x000111bb       0x1c kiss_fft130/kiss_fft.o
 .debug_macro   0x000111d7       0x35 kiss_fft130/kiss_fft.o
 .debug_macro   0x0001120c       0x10 kiss_fft130/kiss_fft.o
 .debug_macro   0x0001121c       0x10 kiss_fft130/kiss_fft.o
 .debug_macro   0x0001122c       0x1c kiss_fft130/kiss_fft.o
 .debug_macro   0x00011248       0x52 kiss_fft130/kiss_fft.o
 .debug_macro   0x0001129a       0x40 kiss_fft130/kiss_fft.o
 .debug_macro   0x000112da       0x10 kiss_fft130/kiss_fft.o
 .debug_macro   0x000112ea       0x40 kiss_fft130/kiss_fft.o
 .debug_macro   0x0001132a       0xd7 kiss_fft130/kiss_fft.o
 .debug_macro   0x00011401       0x1c kiss_fft130/kiss_fft.o
 .debug_macro   0x0001141d       0x3d kiss_fft130/kiss_fft.o
 .debug_macro   0x0001145a       0x16 kiss_fft130/kiss_fft.o
 .debug_macro   0x00011470      0x16f kiss_fft130/kiss_fft.o
 .debug_macro   0x000115df      0x1e1 kiss_fft130/kiss_fft.o
 .debug_macro   0x000117c0       0x16 kiss_fft130/kiss_fft.o
 .debug_macro   0x000117d6       0x22 kiss_fft130/kiss_fft.o
 .debug_macro   0x000117f8       0x2b kiss_fft130/kiss_fft.o
 .debug_macro   0x00011823      0x118 kiss_fft130/kiss_fft.o
 .debug_macro   0x0001193b       0x71 kiss_fft130/kiss_fft.o
 .debug_macro   0x000119ac      0x257 kiss_fft130/kiss_fftr.o
 .debug_macro   0x00011c03      0x3f7 src/main.o
 .debug_macro   0x00011ffa       0x88 src/main.o
 .debug_macro   0x00012082       0x5e src/main.o
 .debug_macro   0x000120e0       0x28 src/main.o
 .debug_macro   0x00012108       0x1c src/main.o
 .debug_macro   0x00012124      0x243 src/syscalls.o
 .debug_macro   0x00012367      0x174 src/syscalls.o
 .debug_macro   0x000124db       0x10 src/syscalls.o
 .debug_macro   0x000124eb       0x10 src/syscalls.o
 .debug_macro   0x000124fb       0x10 src/syscalls.o
 .debug_macro   0x0001250b       0x35 src/syscalls.o
 .debug_macro   0x00012540      0x122 src/syscalls.o
 .debug_macro   0x00012662       0x10 src/syscalls.o
 .debug_macro   0x00012672      0x241 src/syscalls.o
 .debug_macro   0x000128b3       0x10 src/syscalls.o
 .debug_macro   0x000128c3      0x189 src/syscalls.o
 .debug_macro   0x00012a4c       0x16 src/syscalls.o
 .debug_macro   0x00012a62       0x88 src/syscalls.o
 .debug_macro   0x00012aea      0x1d2 src/system_stm32f4xx.o
 .debug_macro   0x00012cbc      0x3ba utils/fft.o
 .debug_macro   0x00013076       0x22 utils/fft.o
 .debug_macro   0x00013098      0x1c1 utils/led.o
 .debug_macro   0x00013259      0x1c1 utils/port.o
 .debug_macro   0x0001341a       0x2e utils/port.o
 .debug_macro   0x00013448      0x297 utils/spi.o
 .debug_macro   0x000136df       0x10 utils/spi.o
 .debug_macro   0x000136ef     0x181f utils/spi.o

.debug_line     0x00000000     0x7899
 .debug_line    0x00000000      0x64b StdPeriph_Driver/src/misc.o
 .debug_line    0x0000064b      0x82c StdPeriph_Driver/src/stm32f4xx_dma.o
 .debug_line    0x00000e77      0x699 StdPeriph_Driver/src/stm32f4xx_exti.o
 .debug_line    0x00001510      0x771 StdPeriph_Driver/src/stm32f4xx_gpio.o
 .debug_line    0x00001c81      0xa65 StdPeriph_Driver/src/stm32f4xx_rcc.o
 .debug_line    0x000026e6      0x876 StdPeriph_Driver/src/stm32f4xx_spi.o
 .debug_line    0x00002f5c      0x66c StdPeriph_Driver/src/stm32f4xx_syscfg.o
 .debug_line    0x000035c8      0x83d kiss_fft130/kiss_fft.o
 .debug_line    0x00003e05      0x61b kiss_fft130/kiss_fftr.o
 .debug_line    0x00004420      0x8a3 src/main.o
 .debug_line    0x00004cc3      0x5df src/syscalls.o
 .debug_line    0x000052a2      0x666 src/system_stm32f4xx.o
 .debug_line    0x00005908       0x7c startup/startup_stm32.o
 .debug_line    0x00005984      0x853 utils/fft.o
 .debug_line    0x000061d7      0x646 utils/led.o
 .debug_line    0x0000681d      0x6b6 utils/port.o
 .debug_line    0x00006ed3      0x9c6 utils/spi.o

.debug_str      0x00000000    0x6b45c
 .debug_str     0x00000000    0x5ea59 StdPeriph_Driver/src/misc.o
                              0x5ebfb (size before relaxing)
 .debug_str     0x0005ea59      0x6a8 StdPeriph_Driver/src/stm32f4xx_dma.o
                              0x5f061 (size before relaxing)
 .debug_str     0x0005f101      0x1ce StdPeriph_Driver/src/stm32f4xx_exti.o
                              0x5eb71 (size before relaxing)
 .debug_str     0x0005f2cf      0x2b0 StdPeriph_Driver/src/stm32f4xx_gpio.o
                              0x5eca3 (size before relaxing)
 .debug_str     0x0005f57f      0xd65 StdPeriph_Driver/src/stm32f4xx_rcc.o
                              0x5f7b0 (size before relaxing)
 .debug_str     0x000602e4      0x3c9 StdPeriph_Driver/src/stm32f4xx_spi.o
                              0x5ef8c (size before relaxing)
 .debug_str     0x000606ad      0x40c StdPeriph_Driver/src/stm32f4xx_syscfg.o
                              0x5edc1 (size before relaxing)
 .debug_str     0x00060ab9     0x5394 kiss_fft130/kiss_fft.o
                               0x8789 (size before relaxing)
 .debug_str     0x00065e4d       0xc0 kiss_fft130/kiss_fftr.o
                               0x8732 (size before relaxing)
 .debug_str     0x00065f0d      0x5c6 src/main.o
                              0x63cca (size before relaxing)
 .debug_str     0x000664d3     0x1101 src/syscalls.o
                               0x85bd (size before relaxing)
 .debug_str     0x000675d4       0xc7 src/system_stm32f4xx.o
                              0x5ebf6 (size before relaxing)
 .debug_str     0x0006769b       0x29 startup/startup_stm32.o
                                 0x5d (size before relaxing)
 .debug_str     0x000676c4       0x4c utils/fft.o
                              0x638bb (size before relaxing)
 .debug_str     0x00067710       0x27 utils/led.o
                              0x5edb4 (size before relaxing)
 .debug_str     0x00067737      0x589 utils/port.o
                              0x5f0c0 (size before relaxing)
 .debug_str     0x00067cc0     0x379c utils/spi.o
                              0x65c66 (size before relaxing)

.comment        0x00000000       0x7f
 .comment       0x00000000       0x7f StdPeriph_Driver/src/misc.o
                                 0x80 (size before relaxing)
 .comment       0x0000007f       0x80 StdPeriph_Driver/src/stm32f4xx_dma.o
 .comment       0x0000007f       0x80 StdPeriph_Driver/src/stm32f4xx_exti.o
 .comment       0x0000007f       0x80 StdPeriph_Driver/src/stm32f4xx_gpio.o
 .comment       0x0000007f       0x80 StdPeriph_Driver/src/stm32f4xx_rcc.o
 .comment       0x0000007f       0x80 StdPeriph_Driver/src/stm32f4xx_spi.o
 .comment       0x0000007f       0x80 StdPeriph_Driver/src/stm32f4xx_syscfg.o
 .comment       0x0000007f       0x80 kiss_fft130/kiss_fft.o
 .comment       0x0000007f       0x80 kiss_fft130/kiss_fftr.o
 .comment       0x0000007f       0x80 src/main.o
 .comment       0x0000007f       0x80 src/syscalls.o
 .comment       0x0000007f       0x80 src/system_stm32f4xx.o
 .comment       0x0000007f       0x80 utils/fft.o
 .comment       0x0000007f       0x80 utils/led.o
 .comment       0x0000007f       0x80 utils/port.o
 .comment       0x0000007f       0x80 utils/spi.o

.debug_frame    0x00000000     0x2dc4
 .debug_frame   0x00000000       0xd8 StdPeriph_Driver/src/misc.o
 .debug_frame   0x000000d8      0x308 StdPeriph_Driver/src/stm32f4xx_dma.o
 .debug_frame   0x000003e0      0x148 StdPeriph_Driver/src/stm32f4xx_exti.o
 .debug_frame   0x00000528      0x23c StdPeriph_Driver/src/stm32f4xx_gpio.o
 .debug_frame   0x00000764      0x83c StdPeriph_Driver/src/stm32f4xx_rcc.o
 .debug_frame   0x00000fa0      0x3f4 StdPeriph_Driver/src/stm32f4xx_spi.o
 .debug_frame   0x00001394      0x11c StdPeriph_Driver/src/stm32f4xx_syscfg.o
 .debug_frame   0x000014b0      0x1c4 kiss_fft130/kiss_fft.o
 .debug_frame   0x00001674       0x88 kiss_fft130/kiss_fftr.o
 .debug_frame   0x000016fc       0x6c src/main.o
 .debug_frame   0x00001768      0x2d0 src/syscalls.o
 .debug_frame   0x00001a38       0x7c src/system_stm32f4xx.o
 .debug_frame   0x00001ab4       0xa8 utils/fft.o
 .debug_frame   0x00001b5c       0x58 utils/led.o
 .debug_frame   0x00001bb4      0x110 utils/port.o
 .debug_frame   0x00001cc4      0x200 utils/spi.o
 .debug_frame   0x00001ec4       0x3c c:/ac6/systemworkbench/plugins/fr.ac6.mcu.externaltools.arm-none.win32_1.17.0.201812190825/tools/compiler/bin/../lib/gcc/arm-none-eabi/7.3.1/../../../../arm-none-eabi/lib/thumb/v7e-m/fpv4-sp/hard\libm.a(lib_a-s_cos.o)
 .debug_frame   0x00001f00       0x30 c:/ac6/systemworkbench/plugins/fr.ac6.mcu.externaltools.arm-none.win32_1.17.0.201812190825/tools/compiler/bin/../lib/gcc/arm-none-eabi/7.3.1/../../../../arm-none-eabi/lib/thumb/v7e-m/fpv4-sp/hard\libm.a(lib_a-s_floor.o)
 .debug_frame   0x00001f30       0x3c c:/ac6/systemworkbench/plugins/fr.ac6.mcu.externaltools.arm-none.win32_1.17.0.201812190825/tools/compiler/bin/../lib/gcc/arm-none-eabi/7.3.1/../../../../arm-none-eabi/lib/thumb/v7e-m/fpv4-sp/hard\libm.a(lib_a-s_sin.o)
 .debug_frame   0x00001f6c       0x4c c:/ac6/systemworkbench/plugins/fr.ac6.mcu.externaltools.arm-none.win32_1.17.0.201812190825/tools/compiler/bin/../lib/gcc/arm-none-eabi/7.3.1/../../../../arm-none-eabi/lib/thumb/v7e-m/fpv4-sp/hard\libm.a(lib_a-w_sqrt.o)
 .debug_frame   0x00001fb8       0x44 c:/ac6/systemworkbench/plugins/fr.ac6.mcu.externaltools.arm-none.win32_1.17.0.201812190825/tools/compiler/bin/../lib/gcc/arm-none-eabi/7.3.1/../../../../arm-none-eabi/lib/thumb/v7e-m/fpv4-sp/hard\libm.a(lib_a-e_rem_pio2.o)
 .debug_frame   0x00001ffc       0x30 c:/ac6/systemworkbench/plugins/fr.ac6.mcu.externaltools.arm-none.win32_1.17.0.201812190825/tools/compiler/bin/../lib/gcc/arm-none-eabi/7.3.1/../../../../arm-none-eabi/lib/thumb/v7e-m/fpv4-sp/hard\libm.a(lib_a-e_sqrt.o)
 .debug_frame   0x0000202c       0x6c c:/ac6/systemworkbench/plugins/fr.ac6.mcu.externaltools.arm-none.win32_1.17.0.201812190825/tools/compiler/bin/../lib/gcc/arm-none-eabi/7.3.1/../../../../arm-none-eabi/lib/thumb/v7e-m/fpv4-sp/hard\libm.a(lib_a-k_cos.o)
 .debug_frame   0x00002098       0x58 c:/ac6/systemworkbench/plugins/fr.ac6.mcu.externaltools.arm-none.win32_1.17.0.201812190825/tools/compiler/bin/../lib/gcc/arm-none-eabi/7.3.1/../../../../arm-none-eabi/lib/thumb/v7e-m/fpv4-sp/hard\libm.a(lib_a-k_rem_pio2.o)
 .debug_frame   0x000020f0       0x68 c:/ac6/systemworkbench/plugins/fr.ac6.mcu.externaltools.arm-none.win32_1.17.0.201812190825/tools/compiler/bin/../lib/gcc/arm-none-eabi/7.3.1/../../../../arm-none-eabi/lib/thumb/v7e-m/fpv4-sp/hard\libm.a(lib_a-k_sin.o)